Component: ARM Compiler 5.06 update 7 (build 960) Tool: armlink [4d3601]

==============================================================================

Section Cross References

    startup_stm32f407xx.o(RESET) refers to startup_stm32f407xx.o(STACK) for __initial_sp
    startup_stm32f407xx.o(RESET) refers to startup_stm32f407xx.o(.text) for Reset_Handler
    startup_stm32f407xx.o(RESET) refers to stm32f4xx_it.o(i.NMI_Handler) for NMI_Handler
    startup_stm32f407xx.o(RESET) refers to stm32f4xx_it.o(i.HardFault_Handler) for HardFault_Handler
    startup_stm32f407xx.o(RESET) refers to stm32f4xx_it.o(i.MemManage_Handler) for MemManage_Handler
    startup_stm32f407xx.o(RESET) refers to stm32f4xx_it.o(i.BusFault_Handler) for BusFault_Handler
    startup_stm32f407xx.o(RESET) refers to stm32f4xx_it.o(i.UsageFault_Handler) for UsageFault_Handler
    startup_stm32f407xx.o(RESET) refers to stm32f4xx_it.o(i.SVC_Handler) for SVC_Handler
    startup_stm32f407xx.o(RESET) refers to stm32f4xx_it.o(i.DebugMon_Handler) for DebugMon_Handler
    startup_stm32f407xx.o(RESET) refers to stm32f4xx_it.o(i.PendSV_Handler) for PendSV_Handler
    startup_stm32f407xx.o(RESET) refers to stm32f4xx_it.o(i.SysTick_Handler) for SysTick_Handler
    startup_stm32f407xx.o(RESET) refers to stm32f4xx_it.o(i.TIM2_IRQHandler) for TIM2_IRQHandler
    startup_stm32f407xx.o(RESET) refers to stm32f4xx_it.o(i.USART1_IRQHandler) for USART1_IRQHandler
    startup_stm32f407xx.o(RESET) refers to stm32f4xx_it.o(i.DMA2_Stream7_IRQHandler) for DMA2_Stream7_IRQHandler
    startup_stm32f407xx.o(.text) refers to system_stm32f4xx.o(i.SystemInit) for SystemInit
    startup_stm32f407xx.o(.text) refers to entry.o(.ARM.Collect$$$$00000000) for __main
    fra.o(i.FRA_GainShift) refers to transformfunctions.o(i.arm_cfft_f32) for arm_cfft_f32
    fra.o(i.FRA_GainShift) refers to complexmathfunctions.o(i.arm_cmplx_mag_f32) for arm_cmplx_mag_f32
    fra.o(i.FRA_GainShift) refers to statisticsfunctions.o(i.arm_max_f32) for arm_max_f32
    fra.o(i.FRA_GainShift) refers to fastmathfunctions.o(i.arm_atan2_f32) for arm_atan2_f32
    fra.o(i.FRA_GainShift) refers to f2d.o(.text) for __aeabi_f2d
    fra.o(i.FRA_GainShift) refers to ddiv.o(.text) for __aeabi_ddiv
    fra.o(i.FRA_GainShift) refers to d2f.o(.text) for __aeabi_d2f
    fra.o(i.FRA_GainShift) refers to dfltui.o(.text) for __aeabi_ui2d
    fra.o(i.FRA_GainShift) refers to dmul.o(.text) for __aeabi_dmul
    fra.o(i.FRA_GainShift) refers to fra.o(.data) for .data
    fra.o(i.FRA_GainShift) refers to fra.o(.bss) for .bss
    fra.o(i.FRA_GainShift) refers to commontables.o(.constdata) for arm_cfft_sR_f32_len512
    fra.o(i.FRA_Init) refers to stm32f4xx_hal_tim.o(i.HAL_TIM_RegisterCallback) for HAL_TIM_RegisterCallback
    fra.o(i.FRA_Init) refers to stm32f4xx_hal_tim.o(i.HAL_TIM_Base_Start_IT) for HAL_TIM_Base_Start_IT
    fra.o(i.FRA_Init) refers to fra.o(i.FRA_Sweep) for FRA_Sweep
    fra.o(i.FRA_Init) refers to fra.o(.data) for .data
    fra.o(i.FRA_Init) refers to fra.o(.bss) for .bss
    fra.o(i.FRA_Init) refers to fra.o(i.FRA_InjectTimerTriggeredHandler) for FRA_InjectTimerTriggeredHandler
    fra.o(i.FRA_Inject) refers to stm32f4xx_hal_tim.o(i.HAL_TIM_Base_Start_IT) for HAL_TIM_Base_Start_IT
    fra.o(i.FRA_Inject) refers to fra.o(.data) for .data
    fra.o(i.FRA_InjectTimerTriggeredHandler) refers to stm32f4xx_hal_gpio.o(i.HAL_GPIO_TogglePin) for HAL_GPIO_TogglePin
    fra.o(i.FRA_InjectTimerTriggeredHandler) refers to fra.o(i.FRA_ReadPoint) for FRA_ReadPoint
    fra.o(i.FRA_InjectTimerTriggeredHandler) refers to fra.o(.data) for .data
    fra.o(i.FRA_InjectTimerTriggeredHandler) refers to fra.o(.bss) for .bss
    fra.o(i.FRA_ReadPoint) refers to stm32f4xx_hal_adc.o(i.HAL_ADC_Start) for HAL_ADC_Start
    fra.o(i.FRA_ReadPoint) refers to stm32f4xx_hal_adc.o(i.HAL_ADC_PollForConversion) for HAL_ADC_PollForConversion
    fra.o(i.FRA_ReadPoint) refers to stm32f4xx_hal_adc.o(i.HAL_ADC_GetValue) for HAL_ADC_GetValue
    fra.o(i.FRA_ReadPoint) refers to fra.o(.data) for .data
    fra.o(i.FRA_ReadPoint) refers to fra.o(.bss) for .bss
    fra.o(i.FRA_Sweep) refers to log10f.o(i.__hardfp_log10f) for __hardfp_log10f
    fra.o(i.FRA_Sweep) refers to powf.o(i.__hardfp_powf) for __hardfp_powf
    fra.o(i.FRA_Sweep) refers to stm32f4xx_hal_tim.o(i.HAL_TIM_Base_Start_IT) for HAL_TIM_Base_Start_IT
    fra.o(i.FRA_Sweep) refers to stm32f4xx_hal_tim.o(i.HAL_TIM_Base_Stop_IT) for HAL_TIM_Base_Stop_IT
    fra.o(i.FRA_Sweep) refers to fra.o(i.FRA_GainShift) for FRA_GainShift
    fra.o(i.FRA_Sweep) refers to f2d.o(.text) for __aeabi_f2d
    fra.o(i.FRA_Sweep) refers to printfa.o(i.__0printf) for __2printf
    fra.o(i.FRA_Sweep) refers to fra.o(.data) for .data
    fra.o(i.UartTransmitFrame) refers to memcpya.o(.text) for __aeabi_memcpy
    fra.o(i.UartTransmitFrame) refers to stm32f4xx_hal_uart.o(i.HAL_UART_Transmit) for HAL_UART_Transmit
    fra.o(i.UartTransmitFrame) refers to fra.o(.bss) for .bss
[...]
    E:\Arm\Packs\ARM\CMSIS\5.9.0\CMSIS\DSP\Source\SVMFunctions\SVMFunctionsF16.c 0x00000000   Number         0  svmfunctionsf16.o ABSOLUTE
    E:\Arm\Packs\ARM\CMSIS\5.9.0\CMSIS\DSP\Source\StatisticsFunctions\StatisticsFunctions.c 0x00000000   Number         0  statisticsfunctions.o ABSOLUTE
    E:\Arm\Packs\ARM\CMSIS\5.9.0\CMSIS\DSP\Source\StatisticsFunctions\StatisticsFunctionsF16.c 0x00000000   Number         0  statisticsfunctionsf16.o ABSOLUTE
    E:\Arm\Packs\ARM\CMSIS\5.9.0\CMSIS\DSP\Source\SupportFunctions\SupportFunctions.c 0x00000000   Number         0  supportfunctions.o ABSOLUTE
    E:\Arm\Packs\ARM\CMSIS\5.9.0\CMSIS\DSP\Source\SupportFunctions\SupportFunctionsF16.c 0x00000000   Number         0  supportfunctionsf16.o ABSOLUTE
    E:\Arm\Packs\ARM\CMSIS\5.9.0\CMSIS\DSP\Source\TransformFunctions\TransformFunctions.c 0x00000000   Number         0  transformfunctions.o ABSOLUTE
    E:\Arm\Packs\ARM\CMSIS\5.9.0\CMSIS\DSP\Source\TransformFunctions\TransformFunctionsF16.c 0x00000000   Number         0  transformfunctionsf16.o ABSOLUTE
    E:\\Arm\\Packs\\ARM\\CMSIS\\5.9.0\\CMSIS\\DSP\\Source\\BasicMathFunctions\\BasicMathFunctions.c 0x00000000   Number         0  basicmathfunctions.o ABSOLUTE
    E:\\Arm\\Packs\\ARM\\CMSIS\\5.9.0\\CMSIS\\DSP\\Source\\BasicMathFunctions\\BasicMathFunctionsF16.c 0x00000000   Number         0  basicmathfunctionsf16.o ABSOLUTE
    E:\\Arm\\Packs\\ARM\\CMSIS\\5.9.0\\CMSIS\\DSP\\Source\\BayesFunctions\\BayesFunctions.c 0x00000000   Number         0  bayesfunctions.o ABSOLUTE
    E:\\Arm\\Packs\\ARM\\CMSIS\\5.9.0\\CMSIS\\DSP\\Source\\BayesFunctions\\BayesFunctionsF16.c 0x00000000   Number         0  bayesfunctionsf16.o ABSOLUTE
    E:\\Arm\\Packs\\ARM\\CMSIS\\5.9.0\\CMSIS\\DSP\\Source\\CommonTables\\CommonTables.c 0x00000000   Number         0  commontables.o ABSOLUTE
    E:\\Arm\\Packs\\ARM\\CMSIS\\5.9.0\\CMSIS\\DSP\\Source\\CommonTables\\CommonTablesF16.c 0x00000000   Number         0  commontablesf16.o ABSOLUTE
    E:\\Arm\\Packs\\ARM\\CMSIS\\5.9.0\\CMSIS\\DSP\\Source\\ComplexMathFunctions\\ComplexMathFunctions.c 0x00000000   Number         0  complexmathfunctions.o ABSOLUTE
    E:\\Arm\\Packs\\ARM\\CMSIS\\5.9.0\\CMSIS\\DSP\\Source\\ComplexMathFunctions\\ComplexMathFunctionsF16.c 0x00000000   Number         0  complexmathfunctionsf16.o ABSOLUTE
    E:\\Arm\\Packs\\ARM\\CMSIS\\5.9.0\\CMSIS\\DSP\\Source\\ControllerFunctions\\ControllerFunctions.c 0x00000000   Number         0  controllerfunctions.o ABSOLUTE
    E:\\Arm\\Packs\\ARM\\CMSIS\\5.9.0\\CMSIS\\DSP\\Source\\DistanceFunctions\\DistanceFunctions.c 0x00000000   Number         0  distancefunctions.o ABSOLUTE
    E:\\Arm\\Packs\\ARM\\CMSIS\\5.9.0\\CMSIS\\DSP\\Source\\DistanceFunctions\\DistanceFunctionsF16.c 0x00000000   Number         0  distancefunctionsf16.o ABSOLUTE
    E:\\Arm\\Packs\\ARM\\CMSIS\\5.9.0\\CMSIS\\DSP\\Source\\FastMathFunctions\\FastMathFunctions.c 0x00000000   Number         0  fastmathfunctions.o ABSOLUTE
    E:\\Arm\\Packs\\ARM\\CMSIS\\5.9.0\\CMSIS\\DSP\\Source\\FastMathFunctions\\FastMathFunctionsF16.c 0x00000000   Number         0  fastmathfunctionsf16.o ABSOLUTE
    E:\\Arm\\Packs\\ARM\\CMSIS\\5.9.0\\CMSIS\\DSP\\Source\\FilteringFunctions\\FilteringFunctions.c 0x00000000   Number         0  filteringfunctions.o ABSOLUTE
    E:\\Arm\\Packs\\ARM\\CMSIS\\5.9.0\\CMSIS\\DSP\\Source\\FilteringFunctions\\FilteringFunctionsF16.c 0x00000000   Number         0  filteringfunctionsf16.o ABSOLUTE
    E:\\Arm\\Packs\\ARM\\CMSIS\\5.9.0\\CMSIS\\DSP\\Source\\InterpolationFunctions\\InterpolationFunctions.c 0x00000000   Number         0  interpolationfunctions.o ABSOLUTE
    E:\\Arm\\Packs\\ARM\\CMSIS\\5.9.0\\CMSIS\\DSP\\Source\\InterpolationFunctions\\InterpolationFunctionsF16.c 0x00000000   Number         0  interpolationfunctionsf16.o ABSOLUTE
    E:\\Arm\\Packs\\ARM\\CMSIS\\5.9.0\\CMSIS\\DSP\\Source\\MatrixFunctions\\MatrixFunctions.c 0x00000000   Number         0  matrixfunctions.o ABSOLUTE
    E:\\Arm\\Packs\\ARM\\CMSIS\\5.9.0\\CMSIS\\DSP\\Source\\MatrixFunctions\\MatrixFunctionsF16.c 0x00000000   Number         0  matrixfunctionsf16.o ABSOLUTE
    E:\\Arm\\Packs\\ARM\\CMSIS\\5.9.0\\CMSIS\\DSP\\Source\\QuaternionMathFunctions\\QuaternionMathFunctions.c 0x00000000   Number         0  quaternionmathfunctions.o ABSOLUTE
    E:\\Arm\\Packs\\ARM\\CMSIS\\5.9.0\\CMSIS\\DSP\\Source\\SVMFunctions\\SVMFunctions.c 0x00000000   Number         0  svmfunctions.o ABSOLUTE
    E:\\Arm\\Packs\\ARM\\CMSIS\\5.9.0\\CMSIS\\DSP\\Source\\SVMFunctions\\SVMFunctionsF16.c 0x00000000   Number         0  svmfunctionsf16.o ABSOLUTE
    E:\\Arm\\Packs\\ARM\\CMSIS\\5.9.0\\CMSIS\\DSP\\Source\\StatisticsFunctions\\StatisticsFunctions.c 0x00000000   Number         0  statisticsfunctions.o ABSOLUTE
    E:\\Arm\\Packs\\ARM\\CMSIS\\5.9.0\\CMSIS\\DSP\\Source\\StatisticsFunctions\\StatisticsFunctionsF16.c 0x00000000   Number         0  statisticsfunctionsf16.o ABSOLUTE
    E:\\Arm\\Packs\\ARM\\CMSIS\\5.9.0\\CMSIS\\DSP\\Source\\SupportFunctions\\SupportFunctions.c 0x00000000   Number         0  supportfunctions.o ABSOLUTE
    E:\\Arm\\Packs\\ARM\\CMSIS\\5.9.0\\CMSIS\\DSP\\Source\\SupportFunctions\\SupportFunctionsF16.c 0x00000000   Number         0  supportfunctionsf16.o ABSOLUTE
    E:\\Arm\\Packs\\ARM\\CMSIS\\5.9.0\\CMSIS\\DSP\\Source\\TransformFunctions\\TransformFunctions.c 0x00000000   Number         0  transformfunctions.o ABSOLUTE
    E:\\Arm\\Packs\\ARM\\CMSIS\\5.9.0\\CMSIS\\DSP\\Source\\TransformFunctions\\TransformFunctionsF16.c 0x00000000   Number         0  transformfunctionsf16.o ABSOLUTE
    cdcmple.s                                0x00000000   Number         0  cdcmple.o ABSOLUTE
    cdrcmple.s                               0x00000000   Number         0  cdrcmple.o ABSOLUTE
    dc.s                                     0x00000000   Number         0  dc.o ABSOLUTE
    handlers.s                               0x00000000   Number         0  handlers.o ABSOLUTE
    init.s                                   0x00000000   Number         0  init.o ABSOLUTE
    startup_stm32f407xx.s                    0x00000000   Number         0  startup_stm32f407xx.o ABSOLUTE
    RESET                                    0x08000000   Section      392  startup_stm32f407xx.o(RESET)
    .ARM.Collect$$$$00000000                 0x08000188   Section        0  entry.o(.ARM.Collect$$$$00000000)
    .ARM.Collect$$$$00000001                 0x08000188   Section        4  entry2.o(.ARM.Collect$$$$00000001)
    .ARM.Collect$$$$00000004                 0x0800018c   Section        4  entry5.o(.ARM.Collect$$$$00000004)
    .ARM.Collect$$$$00000008                 0x08000190   Section        0  entry7b.o(.ARM.Collect$$$$00000008)
    .ARM.Collect$$$$0000000A                 0x08000190   Section        0  entry8b.o(.ARM.Collect$$$$0000000A)
    .ARM.Collect$$$$0000000B                 0x08000190   Section        8  entry9a.o(.ARM.Collect$$$$0000000B)
    .ARM.Collect$$$$0000000E                 0x08000198   Section        4  entry12b.o(.ARM.Collect$$$$0000000E)
    .ARM.Collect$$$$0000000F                 0x0800019c   Section        0  entry10a.o(.ARM.Collect$$$$0000000F)
    .ARM.Collect$$$$00000011                 0x0800019c   Section        0  entry11a.o(.ARM.Collect$$$$00000011)
    .ARM.Collect$$$$00002712                 0x0800019c   Section        4  entry2.o(.ARM.Collect$$$$00002712)
    __lit__00000000                          0x0800019c   Data           4  entry2.o(.ARM.Collect$$$$00002712)
    .text                                    0x080001a0   Section       36  startup_stm32f407xx.o(.text)
    $v0                                      0x080001a0   Number         0  startup_stm32f407xx.o(.text)
    .text                                    0x080001c4   Section        0  uldiv.o(.text)
    .text                                    0x08000226   Section        0  llshl.o(.text)
    .text                                    0x08000244   Section        0  llsshr.o(.text)
    .text                                    0x08000268   Section        0  memseta.o(.text)
    .text                                    0x0800028c   Section        0  dadd.o(.text)
    .text                                    0x080003da   Section        0  dmul.o(.text)
    .text                                    0x080004be   Section        0  ddiv.o(.text)
    .text                                    0x0800059c   Section        0  dfltui.o(.text)
    .text                                    0x080005b6   Section        0  f2d.o(.text)
    .text                                    0x080005dc   Section       48  cdrcmple.o(.text)
    .text                                    0x0800060c   Section        0  d2f.o(.text)
    .text                                    0x08000644   Section        0  uidiv.o(.text)
    .text                                    0x08000670   Section        0  llushr.o(.text)
    .text                                    0x08000690   Section        0  iusefp.o(.text)
    .text                                    0x08000690   Section        0  fepilogue.o(.text)
    .text                                    0x080006fe   Section        0  depilogue.o(.text)
    .text                                    0x080007b8   Section        0  dfixul.o(.text)
    .text                                    0x080007e8   Section        0  fpstat.o(.text)
    .text                                    0x080007ec   Section       36  init.o(.text)
    i.ADC_Init                               0x08000810   Section        0  stm32f4xx_hal_adc.o(i.ADC_Init)
    ADC_Init                                 0x08000811   Thumb Code   284  stm32f4xx_hal_adc.o(i.ADC_Init)
    i.BusFault_Handler                       0x08000938   Section        0  stm32f4xx_it.o(i.BusFault_Handler)
    i.DMA2_Stream7_IRQHandler                0x0800093c   Section        0  stm32f4xx_it.o(i.DMA2_Stream7_IRQHandler)
    i.DMA_CalcBaseAndBitshift                0x08000948   Section        0  stm32f4xx_hal_dma.o(i.DMA_CalcBaseAndBitshift)
    DMA_CalcBaseAndBitshift                  0x08000949   Thumb Code    34  stm32f4xx_hal_dma.o(i.DMA_CalcBaseAndBitshift)
    i.DMA_CheckFifoParam                     0x08000970   Section        0  stm32f4xx_hal_dma.o(i.DMA_CheckFifoParam)
    DMA_CheckFifoParam                       0x08000971   Thumb Code    84  stm32f4xx_hal_dma.o(i.DMA_CheckFifoParam)
    i.DebugMon_Handler                       0x080009c4   Section        0  stm32f4xx_it.o(i.DebugMon_Handler)
    i.Error_Handler                          0x080009c6   Section        0  main.o(i.Error_Handler)
    i.FRA_GainShift                          0x080009cc   Section        0  fra.o(i.FRA_GainShift)
    i.FRA_Init                               0x08000ba0   Section        0  fra.o(i.FRA_Init)
    i.FRA_InjectTimerTriggeredHandler        0x08000c74   Section        0  fra.o(i.FRA_InjectTimerTriggeredHandler)
    i.FRA_ReadPoint                          0x08000cc8   Section        0  fra.o(i.FRA_ReadPoint)
    i.FRA_Sweep                              0x08000d18   Section        0  fra.o(i.FRA_Sweep)
    i.HAL_ADC_ConfigChannel                  0x08000e68   Section        0  stm32f4xx_hal_adc.o(i.HAL_ADC_ConfigChannel)
    i.HAL_ADC_GetValue                       0x08000fb4   Section        0  stm32f4xx_hal_adc.o(i.HAL_ADC_GetValue)
    i.HAL_ADC_Init                           0x08000fba   Section        0  stm32f4xx_hal_adc.o(i.HAL_ADC_Init)
    i.HAL_ADC_MspInit                        0x08001010   Section        0  stm32f4xx_hal_msp.o(i.HAL_ADC_MspInit)
    i.HAL_ADC_PollForConversion              0x08001070   Section        0  stm32f4xx_hal_adc.o(i.HAL_ADC_PollForConversion)
    i.HAL_ADC_Start                          0x0800111c   Section        0  stm32f4xx_hal_adc.o(i.HAL_ADC_Start)
    i.HAL_DMA_Abort                          0x08001218   Section        0  stm32f4xx_hal_dma.o(i.HAL_DMA_Abort)
    i.HAL_DMA_Abort_IT                       0x080012aa   Section        0  stm32f4xx_hal_dma.o(i.HAL_DMA_Abort_IT)
    i.HAL_DMA_IRQHandler                     0x080012d0   Section        0  stm32f4xx_hal_dma.o(i.HAL_DMA_IRQHandler)
    i.HAL_DMA_Init                           0x08001470   Section        0  stm32f4xx_hal_dma.o(i.HAL_DMA_Init)
    i.HAL_GPIO_Init                          0x08001544   Section        0  stm32f4xx_hal_gpio.o(i.HAL_GPIO_Init)
    i.HAL_GPIO_TogglePin                     0x08001734   Section        0  stm32f4xx_hal_gpio.o(i.HAL_GPIO_TogglePin)
    i.HAL_GPIO_WritePin                      0x08001744   Section        0  stm32f4xx_hal_gpio.o(i.HAL_GPIO_WritePin)
    i.HAL_GetTick                            0x08001750   Section        0  stm32f4xx_hal.o(i.HAL_GetTick)
    i.HAL_IncTick                            0x0800175c   Section        0  stm32f4xx_hal.o(i.HAL_IncTick)
    i.HAL_Init                               0x0800176c   Section        0  stm32f4xx_hal.o(i.HAL_Init)
    i.HAL_InitTick                           0x080017a0   Section        0  stm32f4xx_hal.o(i.HAL_InitTick)
    i.HAL_MspInit                            0x080017e0   Section        0  stm32f4xx_hal_msp.o(i.HAL_MspInit)
    i.HAL_NVIC_EnableIRQ                     0x08001810   Section        0  stm32f4xx_hal_cortex.o(i.HAL_NVIC_EnableIRQ)
    i.HAL_NVIC_SetPriority                   0x0800182c   Section        0  stm32f4xx_hal_cortex.o(i.HAL_NVIC_SetPriority)
    i.HAL_NVIC_SetPriorityGrouping           0x0800186c   Section        0  stm32f4xx_hal_cortex.o(i.HAL_NVIC_SetPriorityGrouping)
    i.HAL_RCC_ClockConfig                    0x08001890   Section        0  stm32f4xx_hal_rcc.o(i.HAL_RCC_ClockConfig)
    i.HAL_RCC_GetPCLK1Freq                   0x080019c4   Section        0  stm32f4xx_hal_rcc.o(i.HAL_RCC_GetPCLK1Freq)
    i.HAL_RCC_GetPCLK2Freq                   0x080019e4   Section        0  stm32f4xx_hal_rcc.o(i.HAL_RCC_GetPCLK2Freq)
    i.HAL_RCC_GetSysClockFreq                0x08001a04   Section        0  stm32f4xx_hal_rcc.o(i.HAL_RCC_GetSysClockFreq)
    i.HAL_RCC_OscConfig                      0x08001a68   Section        0  stm32f4xx_hal_rcc.o(i.HAL_RCC_OscConfig)
    i.HAL_SYSTICK_Config                     0x08001dd4   Section        0  stm32f4xx_hal_cortex.o(i.HAL_SYSTICK_Config)
    i.HAL_TIMEx_BreakCallback                0x08001dfc   Section        0  stm32f4xx_hal_tim_ex.o(i.HAL_TIMEx_BreakCallback)
    i.HAL_TIMEx_CommutCallback               0x08001dfe   Section        0  stm32f4xx_hal_tim_ex.o(i.HAL_TIMEx_CommutCallback)
    i.HAL_TIMEx_CommutHalfCpltCallback       0x08001e00   Section        0  stm32f4xx_hal_tim_ex.o(i.HAL_TIMEx_CommutHalfCpltCallback)
    i.HAL_TIMEx_ConfigBreakDeadTime          0x08001e02   Section        0  stm32f4xx_hal_tim_ex.o(i.HAL_TIMEx_ConfigBreakDeadTime)
    i.HAL_TIMEx_MasterConfigSynchronization  0x08001e58   Section        0  stm32f4xx_hal_tim_ex.o(i.HAL_TIMEx_MasterConfigSynchronization)
    i.HAL_TIMEx_PWMN_Start                   0x08001ee8   Section        0  stm32f4xx_hal_tim_ex.o(i.HAL_TIMEx_PWMN_Start)
    i.HAL_TIM_Base_Init                      0x08001fa8   Section        0  stm32f4xx_hal_tim.o(i.HAL_TIM_Base_Init)
    i.HAL_TIM_Base_MspInit                   0x08002014   Section        0  stm32f4xx_hal_msp.o(i.HAL_TIM_Base_MspInit)
    i.HAL_TIM_Base_Start_IT                  0x08002068   Section        0  stm32f4xx_hal_tim.o(i.HAL_TIM_Base_Start_IT)
    i.HAL_TIM_Base_Stop_IT                   0x080020e8   Section        0  stm32f4xx_hal_tim.o(i.HAL_TIM_Base_Stop_IT)
    i.HAL_TIM_ConfigClockSource              0x08002118   Section        0  stm32f4xx_hal_tim.o(i.HAL_TIM_ConfigClockSource)
    i.HAL_TIM_ErrorCallback                  0x080021f4   Section        0  stm32f4xx_hal_tim.o(i.HAL_TIM_ErrorCallback)
    i.HAL_TIM_IC_CaptureCallback             0x080021f6   Section        0  stm32f4xx_hal_tim.o(i.HAL_TIM_IC_CaptureCallback)
    i.HAL_TIM_IC_CaptureHalfCpltCallback     0x080021f8   Section        0  stm32f4xx_hal_tim.o(i.HAL_TIM_IC_CaptureHalfCpltCallback)
    i.HAL_TIM_IRQHandler                     0x080021fa   Section        0  stm32f4xx_hal_tim.o(i.HAL_TIM_IRQHandler)
    i.HAL_TIM_MspPostInit                    0x08002344   Section        0  stm32f4xx_hal_msp.o(i.HAL_TIM_MspPostInit)
    i.HAL_TIM_OC_DelayElapsedCallback        0x080023c0   Section        0  stm32f4xx_hal_tim.o(i.HAL_TIM_OC_DelayElapsedCallback)
    i.HAL_TIM_PWM_ConfigChannel              0x080023c2   Section        0  stm32f4xx_hal_tim.o(i.HAL_TIM_PWM_ConfigChannel)
    i.HAL_TIM_PWM_Init                       0x08002490   Section        0  stm32f4xx_hal_tim.o(i.HAL_TIM_PWM_Init)
    i.HAL_TIM_PWM_MspInit                    0x080024fc   Section        0  stm32f4xx_hal_tim.o(i.HAL_TIM_PWM_MspInit)
    i.HAL_TIM_PWM_PulseFinishedCallback      0x080024fe   Section        0  stm32f4xx_hal_tim.o(i.HAL_TIM_PWM_PulseFinishedCallback)
    i.HAL_TIM_PWM_PulseFinishedHalfCpltCallback 0x08002500   Section        0  stm32f4xx_hal_tim.o(i.HAL_TIM_PWM_PulseFinishedHalfCpltCallback)
    i.HAL_TIM_PWM_Start                      0x08002504   Section        0  stm32f4xx_hal_tim.o(i.HAL_TIM_PWM_Start)
    i.HAL_TIM_PeriodElapsedCallback          0x080025cc   Section        0  stm32f4xx_hal_tim.o(i.HAL_TIM_PeriodElapsedCallback)
    i.HAL_TIM_PeriodElapsedHalfCpltCallback  0x080025ce   Section        0  stm32f4xx_hal_tim.o(i.HAL_TIM_PeriodElapsedHalfCpltCallback)
    i.HAL_TIM_RegisterCallback               0x080025d0   Section        0  stm32f4xx_hal_tim.o(i.HAL_TIM_RegisterCallback)
    i.HAL_TIM_TriggerCallback                0x080026b2   Section        0  stm32f4xx_hal_tim.o(i.HAL_TIM_TriggerCallback)
    i.HAL_TIM_TriggerHalfCpltCallback        0x080026b4   Section        0  stm32f4xx_hal_tim.o(i.HAL_TIM_TriggerHalfCpltCallback)
    i.HAL_UARTEx_RxEventCallback             0x080026b6   Section        0  stm32f4xx_hal_uart.o(i.HAL_UARTEx_RxEventCallback)
    i.HAL_UART_ErrorCallback                 0x080026b8   Section        0  stm32f4xx_hal_uart.o(i.HAL_UART_ErrorCallback)
    i.HAL_UART_IRQHandler                    0x080026bc   Section        0  stm32f4xx_hal_uart.o(i.HAL_UART_IRQHandler)
    i.HAL_UART_Init                          0x0800292c   Section        0  stm32f4xx_hal_uart.o(i.HAL_UART_Init)
    i.HAL_UART_MspInit                       0x08002990   Section        0  stm32f4xx_hal_msp.o(i.HAL_UART_MspInit)
    i.HAL_UART_RxCpltCallback                0x08002a44   Section        0  stm32f4xx_hal_uart.o(i.HAL_UART_RxCpltCallback)
    i.HAL_UART_Transmit                      0x08002a46   Section        0  stm32f4xx_hal_uart.o(i.HAL_UART_Transmit)
    i.HAL_UART_TxCpltCallback                0x08002ae6   Section        0  stm32f4xx_hal_uart.o(i.HAL_UART_TxCpltCallback)
    i.HardFault_Handler                      0x08002ae8   Section        0  stm32f4xx_it.o(i.HardFault_Handler)
    i.MX_ADC1_Init                           0x08002aec   Section        0  main.o(i.MX_ADC1_Init)
    MX_ADC1_Init                             0x08002aed   Thumb Code    86  main.o(i.MX_ADC1_Init)
    i.MX_GPIO_Init                           0x08002b50   Section        0  main.o(i.MX_GPIO_Init)
    MX_GPIO_Init                             0x08002b51   Thumb Code   132  main.o(i.MX_GPIO_Init)
    i.MX_TIM1_Init                           0x08002bdc   Section        0  main.o(i.MX_TIM1_Init)
    MX_TIM1_Init                             0x08002bdd   Thumb Code   194  main.o(i.MX_TIM1_Init)
    i.MX_TIM2_Init                           0x08002ca8   Section        0  main.o(i.MX_TIM2_Init)
    MX_TIM2_Init                             0x08002ca9   Thumb Code    96  main.o(i.MX_TIM2_Init)
    i.MemManage_Handler                      0x08002d0c   Section        0  stm32f4xx_it.o(i.MemManage_Handler)
    i.NMI_Handler                            0x08002d0e   Section        0  stm32f4xx_it.o(i.NMI_Handler)
    i.PendSV_Handler                         0x08002d10   Section        0  stm32f4xx_it.o(i.PendSV_Handler)
    i.SVC_Handler                            0x08002d12   Section        0  stm32f4xx_it.o(i.SVC_Handler)
    i.SysTick_Handler                        0x08002d14   Section        0  stm32f4xx_it.o(i.SysTick_Handler)
    i.SystemClock_Config                     0x08002d18   Section        0  main.o(i.SystemClock_Config)
    i.SystemInit                             0x08002dac   Section        0  system_stm32f4xx.o(i.SystemInit)
    i.TIM2_IRQHandler                        0x08002dbc   Section        0  stm32f4xx_it.o(i.TIM2_IRQHandler)
    i.TIM_Base_SetConfig                     0x08002dc8   Section        0  stm32f4xx_hal_tim.o(i.TIM_Base_SetConfig)
    i.TIM_CCxChannelCmd                      0x08002ea0   Section        0  stm32f4xx_hal_tim.o(i.TIM_CCxChannelCmd)
    i.TIM_CCxNChannelCmd                     0x08002eba   Section        0  stm32f4xx_hal_tim_ex.o(i.TIM_CCxNChannelCmd)
    TIM_CCxNChannelCmd                       0x08002ebb   Thumb Code    26  stm32f4xx_hal_tim_ex.o(i.TIM_CCxNChannelCmd)
    i.TIM_ETR_SetConfig                      0x08002ed4   Section        0  stm32f4xx_hal_tim.o(i.TIM_ETR_SetConfig)
    i.TIM_ITRx_SetConfig                     0x08002ee8   Section        0  stm32f4xx_hal_tim.o(i.TIM_ITRx_SetConfig)
    TIM_ITRx_SetConfig                       0x08002ee9   Thumb Code    16  stm32f4xx_hal_tim.o(i.TIM_ITRx_SetConfig)
    i.TIM_OC1_SetConfig                      0x08002ef8   Section        0  stm32f4xx_hal_tim.o(i.TIM_OC1_SetConfig)
    TIM_OC1_SetConfig                        0x08002ef9   Thumb Code    88  stm32f4xx_hal_tim.o(i.TIM_OC1_SetConfig)
    i.TIM_OC2_SetConfig                      0x08002f58   Section        0  stm32f4xx_hal_tim.o(i.TIM_OC2_SetConfig)
    i.TIM_OC3_SetConfig                      0x08002fc4   Section        0  stm32f4xx_hal_tim.o(i.TIM_OC3_SetConfig)
    TIM_OC3_SetConfig                        0x08002fc5   Thumb Code    96  stm32f4xx_hal_tim.o(i.TIM_OC3_SetConfig)
    i.TIM_OC4_SetConfig                      0x0800302c   Section        0  stm32f4xx_hal_tim.o(i.TIM_OC4_SetConfig)
    TIM_OC4_SetConfig                        0x0800302d   Thumb Code    70  stm32f4xx_hal_tim.o(i.TIM_OC4_SetConfig)
    i.TIM_ResetCallback                      0x0800307c   Section        0  stm32f4xx_hal_tim.o(i.TIM_ResetCallback)
    i.TIM_TI1_ConfigInputStage               0x080030e8   Section        0  stm32f4xx_hal_tim.o(i.TIM_TI1_ConfigInputStage)
    TIM_TI1_ConfigInputStage                 0x080030e9   Thumb Code    34  stm32f4xx_hal_tim.o(i.TIM_TI1_ConfigInputStage)
    i.TIM_TI2_ConfigInputStage               0x0800310a   Section        0  stm32f4xx_hal_tim.o(i.TIM_TI2_ConfigInputStage)
    TIM_TI2_ConfigInputStage                 0x0800310b   Thumb Code    36  stm32f4xx_hal_tim.o(i.TIM_TI2_ConfigInputStage)
    i.UART_DMAAbortOnError                   0x0800312e   Section        0  stm32f4xx_hal_uart.o(i.UART_DMAAbortOnError)
    UART_DMAAbortOnError                     0x0800312f   Thumb Code    16  stm32f4xx_hal_uart.o(i.UART_DMAAbortOnError)
    i.UART_EndRxTransfer                     0x0800313e   Section        0  stm32f4xx_hal_uart.o(i.UART_EndRxTransfer)
    UART_EndRxTransfer                       0x0800313f   Thumb Code    78  stm32f4xx_hal_uart.o(i.UART_EndRxTransfer)
    i.UART_Receive_IT                        0x0800318c   Section        0  stm32f4xx_hal_uart.o(i.UART_Receive_IT)
    UART_Receive_IT                          0x0800318d   Thumb Code   194  stm32f4xx_hal_uart.o(i.UART_Receive_IT)
    i.UART_SetConfig                         0x08003250   Section        0  stm32f4xx_hal_uart.o(i.UART_SetConfig)
    UART_SetConfig                           0x08003251   Thumb Code   258  stm32f4xx_hal_uart.o(i.UART_SetConfig)
    i.UART_WaitOnFlagUntilTimeout            0x0800335c   Section        0  stm32f4xx_hal_uart.o(i.UART_WaitOnFlagUntilTimeout)
    UART_WaitOnFlagUntilTimeout              0x0800335d   Thumb Code   114  stm32f4xx_hal_uart.o(i.UART_WaitOnFlagUntilTimeout)
    i.USART1_IRQHandler                      0x080033d0   Section        0  stm32f4xx_it.o(i.USART1_IRQHandler)
    i.UsageFault_Handler                     0x080033dc   Section        0  stm32f4xx_it.o(i.UsageFault_Handler)
    i.__0printf                              0x080033e0   Section        0  printfa.o(i.__0printf)
    i.__ARM_fpclassifyf                      0x08003400   Section        0  fpclassifyf.o(i.__ARM_fpclassifyf)
    i.__NVIC_SetPriority                     0x08003426   Section        0  stm32f4xx_hal_cortex.o(i.__NVIC_SetPriority)
    __NVIC_SetPriority                       0x08003427   Thumb Code    32  stm32f4xx_hal_cortex.o(i.__NVIC_SetPriority)
    i.__hardfp_log10f                        0x08003448   Section        0  log10f.o(i.__hardfp_log10f)
    i.__hardfp_powf                          0x080035c8   Section        0  powf.o(i.__hardfp_powf)
    i.__mathlib_flt_divzero                  0x08003c2c   Section        0  funder.o(i.__mathlib_flt_divzero)
    i.__mathlib_flt_infnan                   0x08003c40   Section        0  funder.o(i.__mathlib_flt_infnan)
    i.__mathlib_flt_infnan2                  0x08003c46   Section        0  funder.o(i.__mathlib_flt_infnan2)
    i.__mathlib_flt_invalid                  0x08003c4c   Section        0  funder.o(i.__mathlib_flt_invalid)
    i.__mathlib_flt_overflow                 0x08003c5c   Section        0  funder.o(i.__mathlib_flt_overflow)
    i.__mathlib_flt_underflow                0x08003c6c   Section        0  funder.o(i.__mathlib_flt_underflow)
    i.__scatterload_copy                     0x08003c7c   Section       14  handlers.o(i.__scatterload_copy)
    i.__scatterload_null                     0x08003c8a   Section        2  handlers.o(i.__scatterload_null)
    i.__scatterload_zeroinit                 0x08003c8c   Section       14  handlers.o(i.__scatterload_zeroinit)
    i.__set_errno                            0x08003c9c   Section        0  errno.o(i.__set_errno)
    i._fp_digits                             0x08003ca8   Section        0  printfa.o(i._fp_digits)
    _fp_digits                               0x08003ca9   Thumb Code   366  printfa.o(i._fp_digits)
    i._printf_core                           0x08003e2c   Section        0  printfa.o(i._printf_core)
    _printf_core                             0x08003e2d   Thumb Code  1704  printfa.o(i._printf_core)
    i._printf_post_padding                   0x080044e0   Section        0  printfa.o(i._printf_post_padding)
    _printf_post_padding                     0x080044e1   Thumb Code    36  printfa.o(i._printf_post_padding)
    i._printf_pre_padding                    0x08004504   Section        0  printfa.o(i._printf_pre_padding)
    _printf_pre_padding                      0x08004505   Thumb Code    46  printfa.o(i._printf_pre_padding)
    i.arm_atan2_f32                          0x08004534   Section        0  fastmathfunctions.o(i.arm_atan2_f32)
    i.arm_bitreversal_32                     0x08004750   Section        0  transformfunctions.o(i.arm_bitreversal_32)
    i.arm_cfft_f32                           0x0800478e   Section        0  transformfunctions.o(i.arm_cfft_f32)
    i.arm_cfft_radix8by2_f32                 0x0800485a   Section        0  transformfunctions.o(i.arm_cfft_radix8by2_f32)
    i.arm_cfft_radix8by4_f32                 0x080049e2   Section        0  transformfunctions.o(i.arm_cfft_radix8by4_f32)
    i.arm_cmplx_mag_f32                      0x08004e10   Section        0  complexmathfunctions.o(i.arm_cmplx_mag_f32)
    i.arm_max_f32                            0x08004e54   Section        0  statisticsfunctions.o(i.arm_max_f32)
    i.arm_radix8_butterfly_f32               0x08004e84   Section        0  transformfunctions.o(i.arm_radix8_butterfly_f32)
    i.fputc                                  0x08005348   Section        0  fra.o(i.fputc)
    i.main                                   0x08005364   Section        0  main.o(i.main)
    .constdata                               0x08005424   Section        8  stm32f4xx_hal_dma.o(.constdata)
    flagBitshiftOffset                       0x08005424   Data           8  stm32f4xx_hal_dma.o(.constdata)
    .constdata                               0x0800542c   Section       16  system_stm32f4xx.o(.constdata)
    .constdata                               0x0800543c   Section        8  system_stm32f4xx.o(.constdata)
    .constdata                               0x08005444   Section     4096  commontables.o(.constdata)
    .constdata                               0x08006444   Section      896  commontables.o(.constdata)
    .constdata                               0x080067c4   Section       16  commontables.o(.constdata)
    .constdata                               0x080067d4   Section      112  fastmathfunctions.o(.constdata)
    atan2_coefs_f32                          0x080067d4   Data          40  fastmathfunctions.o(.constdata)
    atan2_coefs_q31                          0x080067fc   Data          52  fastmathfunctions.o(.constdata)
    atan2_coefs_q15                          0x08006830   Data          20  fastmathfunctions.o(.constdata)
    .constdata                               0x08006844   Section       64  log10f.o(.constdata)
    logahi                                   0x08006844   Data          32  log10f.o(.constdata)
    logalo                                   0x08006864   Data          32  log10f.o(.constdata)
    .constdata                               0x08006884   Section      320  powf.o(.constdata)
    table                                    0x08006884   Data         128  powf.o(.constdata)
    powersof2to1over16top                    0x08006904   Data          64  powf.o(.constdata)
    powersof2to1over16bot                    0x08006944   Data          64  powf.o(.constdata)
    powersof2to1over16all                    0x08006984   Data          64  powf.o(.constdata)
    .data                                    0x20000000   Section       76  fra.o(.data)
    .data                                    0x2000004c   Section       12  stm32f4xx_hal.o(.data)
    .data                                    0x20000058   Section        4  system_stm32f4xx.o(.data)
    .data                                    0x2000005c   Section        4  stdout.o(.data)
    .data                                    0x20000060   Section        4  errno.o(.data)
    _errno                                   0x20000060   Data           4  errno.o(.data)
    .bss                                     0x20000064   Section    17429  fra.o(.bss)
    .bss                                     0x2000447c   Section      504  main.o(.bss)
    .bss                                     0x20004674   Section       96  main.o(.bss)
    STACK                                    0x200046d8   Section     1024  startup_stm32f407xx.o(STACK)

    Global Symbols

    Symbol Name                              Value     Ov Type        Size  Object(Section)

    BuildAttributes$$THM_ISAv4$E$P$D$K$B$S$7EM$VFPi3$EXTD16$VFPS$VFMA$PE$A:L22UL41UL21$X:L11$S22US41US21$IEEE1$IW$USESV6$~STKCKD$USESV7$~SHL$OTIME$ROPI$IEEEX$EBA8$MICROLIB$REQ8$PRES8$EABIv2 0x00000000   Number         0  anon$$obj.o ABSOLUTE
    __ARM_use_no_argv                        0x00000000   Number         0  main.o ABSOLUTE
    _printf_a                                0x00000000   Number         0  stubs.o ABSOLUTE
    _printf_c                                0x00000000   Number         0  stubs.o ABSOLUTE
    _printf_charcount                        0x00000000   Number         0  stubs.o ABSOLUTE
    _printf_d                                0x00000000   Number         0  stubs.o ABSOLUTE
    _printf_e                                0x00000000   Number         0  stubs.o ABSOLUTE
    _printf_f                                0x00000000   Number         0  stubs.o ABSOLUTE
    _printf_flags                            0x00000000   Number         0  stubs.o ABSOLUTE
    _printf_fp_dec                           0x00000000   Number         0  stubs.o ABSOLUTE
    _printf_fp_hex                           0x00000000   Number         0  stubs.o ABSOLUTE
    _printf_g                                0x00000000   Number         0  stubs.o ABSOLUTE
    _printf_i                                0x00000000   Number         0  stubs.o ABSOLUTE
    _printf_int_dec                          0x00000000   Number         0  stubs.o ABSOLUTE
    _printf_l                                0x00000000   Number         0  stubs.o ABSOLUTE
    _printf_lc                               0x00000000   Number         0  stubs.o ABSOLUTE
    _printf_ll                               0x00000000   Number         0  stubs.o ABSOLUTE
    _printf_lld                              0x00000000   Number         0  stubs.o ABSOLUTE
    _printf_lli                              0x00000000   Number         0  stubs.o ABSOLUTE
    _printf_llo                              0x00000000   Number         0  stubs.o ABSOLUTE
    _printf_llu                              0x00000000   Number         0  stubs.o ABSOLUTE
    _printf_llx                              0x00000000   Number         0  stubs.o ABSOLUTE
    _printf_longlong_dec                     0x00000000   Number         0  stubs.o ABSOLUTE
    _printf_longlong_hex                     0x00000000   Number         0  stubs.o ABSOLUTE
    _printf_longlong_oct                     0x00000000   Number         0  stubs.o ABSOLUTE
    _printf_ls                               0x00000000   Number         0  stubs.o ABSOLUTE
    _printf_mbtowc                           0x00000000   Number         0  stubs.o ABSOLUTE
    _printf_n                                0x00000000   Number         0  stubs.o ABSOLUTE
    _printf_o                                0x00000000   Number         0  stubs.o ABSOLUTE
    _printf_p                                0x00000000   Number         0  stubs.o ABSOLUTE
    _printf_percent                          0x00000000   Number         0  stubs.o ABSOLUTE
    _printf_pre_padding                      0x00000000   Number         0  stubs.o ABSOLUTE
    _printf_return_value                     0x00000000   Number         0  stubs.o ABSOLUTE
    _printf_s                                0x00000000   Number         0  stubs.o ABSOLUTE
    _printf_sizespec                         0x00000000   Number         0  stubs.o ABSOLUTE
    _printf_str                              0x00000000   Number         0  stubs.o ABSOLUTE
    _printf_truncate_signed                  0x00000000   Number         0  stubs.o ABSOLUTE
    _printf_truncate_unsigned                0x00000000   Number         0  stubs.o ABSOLUTE
    _printf_u                                0x00000000   Number         0  stubs.o ABSOLUTE
    _printf_wc                               0x00000000   Number         0  stubs.o ABSOLUTE
    _printf_wctomb                           0x00000000   Number         0  stubs.o ABSOLUTE
    _printf_widthprec                        0x00000000   Number         0  stubs.o ABSOLUTE
    _printf_x                                0x00000000   Number         0  stubs.o ABSOLUTE
    __arm_fini_                               - Undefined Weak Reference
    __cpp_initialize__aeabi_                  - Undefined Weak Reference
    __cxa_finalize                            - Undefined Weak Reference
    __decompress                              - Undefined Weak Reference
    _clock_init                               - Undefined Weak Reference
    _microlib_exit                            - Undefined Weak Reference
    __Vectors_Size                           0x00000188   Number         0  startup_stm32f407xx.o ABSOLUTE
    __Vectors                                0x08000000   Data           4  startup_stm32f407xx.o(RESET)
    __Vectors_End                            0x08000188   Data           0  startup_stm32f407xx.o(RESET)
    __main                                   0x08000189   Thumb Code     0  entry.o(.ARM.Collect$$$$00000000)
    _main_stk                                0x08000189   Thumb Code     0  entry2.o(.ARM.Collect$$$$00000001)
    _main_scatterload                        0x0800018d   Thumb Code     0  entry5.o(.ARM.Collect$$$$00000004)
    __main_after_scatterload                 0x08000191   Thumb Code     0  entry5.o(.ARM.Collect$$$$00000004)
    _main_clock                              0x08000191   Thumb Code     0  entry7b.o(.ARM.Collect$$$$00000008)
    _main_cpp_init                           0x08000191   Thumb Code     0  entry8b.o(.ARM.Collect$$$$0000000A)
    _main_init                               0x08000191   Thumb Code     0  entry9a.o(.ARM.Collect$$$$0000000B)
    __rt_lib_shutdown_fini                   0x08000199   Thumb Code     0  entry12b.o(.ARM.Collect$$$$0000000E)
    __rt_final_cpp                           0x0800019d   Thumb Code     0  entry10a.o(.ARM.Collect$$$$0000000F)
    __rt_final_exit                          0x0800019d   Thumb Code     0  entry11a.o(.ARM.Collect$$$$00000011)
    Reset_Handler                            0x080001a1   Thumb Code     8  startup_stm32f407xx.o(.text)
    ADC_IRQHandler                           0x080001bb   Thumb Code     0  startup_stm32f407xx.o(.text)
    CAN1_RX0_IRQHandler                      0x080001bb   Thumb Code     0  startup_stm32f407xx.o(.text)
    CAN1_RX1_IRQHandler                      0x080001bb   Thumb Code     0  startup_stm32f407xx.o(.text)
    CAN1_SCE_IRQHandler                      0x080001bb   Thumb Code     0  startup_stm32f407xx.o(.text)
    CAN1_TX_IRQHandler                       0x080001bb   Thumb Code     0  startup_stm32f407xx.o(.text)
    CAN2_RX0_IRQHandler                      0x080001bb   Thumb Code     0  startup_stm32f407xx.o(.text)
    CAN2_RX1_IRQHandler                      0x080001bb   Thumb Code     0  startup_stm32f407xx.o(.text)
    CAN2_SCE_IRQHandler                      0x080001bb   Thumb Code     0  startup_stm32f407xx.o(.text)
    CAN2_TX_IRQHandler                       0x080001bb   Thumb Code     0  startup_stm32f407xx.o(.text)
    DCMI_IRQHandler                          0x080001bb   Thumb Code     0  startup_stm32f407xx.o(.text)
    DMA1_Stream0_IRQHandler                  0x080001bb   Thumb Code     0  startup_stm32f407xx.o(.text)
    DMA1_Stream1_IRQHandler                  0x080001bb   Thumb Code     0  startup_stm32f407xx.o(.text)
    DMA1_Stream2_IRQHandler                  0x080001bb   Thumb Code     0  startup_stm32f407xx.o(.text)
    DMA1_Stream3_IRQHandler                  0x080001bb   Thumb Code     0  startup_stm32f407xx.o(.text)
    DMA1_Stream4_IRQHandler                  0x080001bb   Thumb Code     0  startup_stm32f407xx.o(.text)
    DMA1_Stream5_IRQHandler                  0x080001bb   Thumb Code     0  startup_stm32f407xx.o(.text)
    DMA1_Stream6_IRQHandler                  0x080001bb   Thumb Code     0  startup_stm32f407xx.o(.text)
    DMA1_Stream7_IRQHandler                  0x080001bb   Thumb Code     0  startup_stm32f407xx.o(.text)
    DMA2_Stream0_IRQHandler                  0x080001bb   Thumb Code     0  startup_stm32f407xx.o(.text)
    DMA2_Stream1_IRQHandler                  0x080001bb   Thumb Code     0  startup_stm32f407xx.o(.text)
    DMA2_Stream2_IRQHandler                  0x080001bb   Thumb Code     0  startup_stm32f407xx.o(.text)
    DMA2_Stream3_IRQHandler                  0x080001bb   Thumb Code     0  startup_stm32f407xx.o(.text)
    DMA2_Stream4_IRQHandler                  0x080001bb   Thumb Code     0  startup_stm32f407xx.o(.text)
    DMA2_Stream5_IRQHandler                  0x080001bb   Thumb Code     0  startup_stm32f407xx.o(.text)
    DMA2_Stream6_IRQHandler                  0x080001bb   Thumb Code     0  startup_stm32f407xx.o(.text)
    ETH_IRQHandler                           0x080001bb   Thumb Code     0  startup_stm32f407xx.o(.text)
    ETH_WKUP_IRQHandler                      0x080001bb   Thumb Code     0  startup_stm32f407xx.o(.text)
    EXTI0_IRQHandler                         0x080001bb   Thumb Code     0  startup_stm32f407xx.o(.text)
    EXTI15_10_IRQHandler                     0x080001bb   Thumb Code     0  startup_stm32f407xx.o(.text)
    EXTI1_IRQHandler                         0x080001bb   Thumb Code     0  startup_stm32f407xx.o(.text)
    EXTI2_IRQHandler                         0x080001bb   Thumb Code     0  startup_stm32f407xx.o(.text)
    EXTI3_IRQHandler                         0x080001bb   Thumb Code     0  startup_stm32f407xx.o(.text)
    EXTI4_IRQHandler                         0x080001bb   Thumb Code     0  startup_stm32f407xx.o(.text)
    EXTI9_5_IRQHandler                       0x080001bb   Thumb Code     0  startup_stm32f407xx.o(.text)
    FLASH_IRQHandler                         0x080001bb   Thumb Code     0  startup_stm32f407xx.o(.text)
    FMC_IRQHandler                           0x080001bb   Thumb Code     0  startup_stm32f407xx.o(.text)
    FPU_IRQHandler                           0x080001bb   Thumb Code     0  startup_stm32f407xx.o(.text)
    HASH_RNG_IRQHandler                      0x080001bb   Thumb Code     0  startup_stm32f407xx.o(.text)
    I2C1_ER_IRQHandler                       0x080001bb   Thumb Code     0  startup_stm32f407xx.o(.text)
    I2C1_EV_IRQHandler                       0x080001bb   Thumb Code     0  startup_stm32f407xx.o(.text)
    I2C2_ER_IRQHandler                       0x080001bb   Thumb Code     0  startup_stm32f407xx.o(.text)
    I2C2_EV_IRQHandler                       0x080001bb   Thumb Code     0  startup_stm32f407xx.o(.text)
    I2C3_ER_IRQHandler                       0x080001bb   Thumb Code     0  startup_stm32f407xx.o(.text)
    I2C3_EV_IRQHandler                       0x080001bb   Thumb Code     0  startup_stm32f407xx.o(.text)
    OTG_FS_IRQHandler                        0x080001bb   Thumb Code     0  startup_stm32f407xx.o(.text)
    OTG_FS_WKUP_IRQHandler                   0x080001bb   Thumb Code     0  startup_stm32f407xx.o(.text)
    OTG_HS_EP1_IN_IRQHandler                 0x080001bb   Thumb Code     0  startup_stm32f407xx.o(.text)
    OTG_HS_EP1_OUT_IRQHandler                0x080001bb   Thumb Code     0  startup_stm32f407xx.o(.text)
    OTG_HS_IRQHandler                        0x080001bb   Thumb Code     0  startup_stm32f407xx.o(.text)
    OTG_HS_WKUP_IRQHandler                   0x080001bb   Thumb Code     0  startup_stm32f407xx.o(.text)
    PVD_IRQHandler                           0x080001bb   Thumb Code     0  startup_stm32f407xx.o(.text)
    RCC_IRQHandler                           0x080001bb   Thumb Code     0  startup_stm32f407xx.o(.text)
    RTC_Alarm_IRQHandler                     0x080001bb   Thumb Code     0  startup_stm32f407xx.o(.text)
    RTC_WKUP_IRQHandler                      0x080001bb   Thumb Code     0  startup_stm32f407xx.o(.text)
    SDIO_IRQHandler                          0x080001bb   Thumb Code     0  startup_stm32f407xx.o(.text)
    SPI1_IRQHandler                          0x080001bb   Thumb Code     0  startup_stm32f407xx.o(.text)
    SPI2_IRQHandler                          0x080001bb   Thumb Code     0  startup_stm32f407xx.o(.text)
    SPI3_IRQHandler                          0x080001bb   Thumb Code     0  startup_stm32f407xx.o(.text)
    TAMP_STAMP_IRQHandler                    0x080001bb   Thumb Code     0  startup_stm32f407xx.o(.text)
    TIM1_BRK_TIM9_IRQHandler                 0x080001bb   Thumb Code     0  startup_stm32f407xx.o(.text)
    TIM1_CC_IRQHandler                       0x080001bb   Thumb Code     0  startup_stm32f407xx.o(.text)
    TIM1_TRG_COM_TIM11_IRQHandler            0x080001bb   Thumb Code     0  startup_stm32f407xx.o(.text)
    TIM1_UP_TIM10_IRQHandler                 0x080001bb   Thumb Code     0  startup_stm32f407xx.o(.text)
    TIM3_IRQHandler                          0x080001bb   Thumb Code     0  startup_stm32f407xx.o(.text)
    TIM4_IRQHandler                          0x080001bb   Thumb Code     0  startup_stm32f407xx.o(.text)
    TIM5_IRQHandler                          0x080001bb   Thumb Code     0  startup_stm32f407xx.o(.text)
    TIM6_DAC_IRQHandler                      0x080001bb   Thumb Code     0  startup_stm32f407xx.o(.text)
    TIM7_IRQHandler                          0x080001bb   Thumb Code     0  startup_stm32f407xx.o(.text)
    TIM8_BRK_TIM12_IRQHandler                0x080001bb   Thumb Code     0  startup_stm32f407xx.o(.text)
    TIM8_CC_IRQHandler                       0x080001bb   Thumb Code     0  startup_stm32f407xx.o(.text)
    TIM8_TRG_COM_TIM14_IRQHandler            0x080001bb   Thumb Code     0  startup_stm32f407xx.o(.text)
    TIM8_UP_TIM13_IRQHandler                 0x080001bb   Thumb Code     0  startup_stm32f407xx.o(.text)
    UART4_IRQHandler                         0x080001bb   Thumb Code     0  startup_stm32f407xx.o(.text)
    UART5_IRQHandler                         0x080001bb   Thumb Code     0  startup_stm32f407xx.o(.text)
    USART2_IRQHandler                        0x080001bb   Thumb Code     0  startup_stm32f407xx.o(.text)
    USART3_IRQHandler                        0x080001bb   Thumb Code     0  startup_stm32f407xx.o(.text)
    USART6_IRQHandler                        0x080001bb   Thumb Code     0  startup_stm32f407xx.o(.text)
    WWDG_IRQHandler                          0x080001bb   Thumb Code     0  startup_stm32f407xx.o(.text)
    __aeabi_uldivmod                         0x080001c5   Thumb Code    98  uldiv.o(.text)
    __aeabi_llsl                             0x08000227   Thumb Code    30  llshl.o(.text)
    _ll_shift_l                              0x08000227   Thumb Code     0  llshl.o(.text)
    __aeabi_lasr                             0x08000245   Thumb Code    36  llsshr.o(.text)
    _ll_sshift_r                             0x08000245   Thumb Code     0  llsshr.o(.text)
    __aeabi_memset                           0x08000269   Thumb Code    14  memseta.o(.text)
    __aeabi_memset4                          0x08000269   Thumb Code     0  memseta.o(.text)
    __aeabi_memset8                          0x08000269   Thumb Code     0  memseta.o(.text)
    __aeabi_memclr                           0x08000277   Thumb Code     4  memseta.o(.text)
    __aeabi_memclr4                          0x08000277   Thumb Code     0  memseta.o(.text)
    __aeabi_memclr8                          0x08000277   Thumb Code     0  memseta.o(.text)
    _memset$wrapper                          0x0800027b   Thumb Code    18  memseta.o(.text)
    __aeabi_dadd                             0x0800028d   Thumb Code   322  dadd.o(.text)
    __aeabi_dsub                             0x080003cf   Thumb Code     6  dadd.o(.text)
    __aeabi_drsub                            0x080003d5   Thumb Code     6  dadd.o(.text)
    __aeabi_dmul                             0x080003db   Thumb Code   228  dmul.o(.text)
    __aeabi_ddiv                             0x080004bf   Thumb Code   222  ddiv.o(.text)
    __aeabi_ui2d                             0x0800059d   Thumb Code    26  dfltui.o(.text)
    __aeabi_f2d                              0x080005b7   Thumb Code    38  f2d.o(.text)
    __aeabi_cdrcmple                         0x080005dd   Thumb Code    48  cdrcmple.o(.text)
    __aeabi_d2f                              0x0800060d   Thumb Code    56  d2f.o(.text)
    __aeabi_uidiv                            0x08000645   Thumb Code     0  uidiv.o(.text)
    __aeabi_uidivmod                         0x08000645   Thumb Code    44  uidiv.o(.text)
    __aeabi_llsr                             0x08000671   Thumb Code    32  llushr.o(.text)
    _ll_ushift_r                             0x08000671   Thumb Code     0  llushr.o(.text)
    __I$use$fp                               0x08000691   Thumb Code     0  iusefp.o(.text)
    _float_round                             0x08000691   Thumb Code    18  fepilogue.o(.text)
    _float_epilogue                          0x080006a3   Thumb Code    92  fepilogue.o(.text)
    _double_round                            0x080006ff   Thumb Code    30  depilogue.o(.text)
    _double_epilogue                         0x0800071d   Thumb Code   156  depilogue.o(.text)
    __aeabi_d2ulz                            0x080007b9   Thumb Code    48  dfixul.o(.text)
    __fp_status                              0x080007e9   Thumb Code     4  fpstat.o(.text)
    __ieee_status                            0x080007e9   Thumb Code     0  fpstat.o(.text)
    __scatterload                            0x080007ed   Thumb Code    28  init.o(.text)
    __scatterload_rt2                        0x080007ed   Thumb Code     0  init.o(.text)
    BusFault_Handler                         0x08000939   Thumb Code     2  stm32f4xx_it.o(i.BusFault_Handler)
    DMA2_Stream7_IRQHandler                  0x0800093d   Thumb Code     6  stm32f4xx_it.o(i.DMA2_Stream7_IRQHandler)
    DebugMon_Handler                         0x080009c5   Thumb Code     2  stm32f4xx_it.o(i.DebugMon_Handler)
    Error_Handler                            0x080009c7   Thumb Code     4  main.o(i.Error_Handler)
    FRA_GainShift                            0x080009cd   Thumb Code   410  fra.o(i.FRA_GainShift)
    FRA_Init                                 0x08000ba1   Thumb Code   194  fra.o(i.FRA_Init)
    FRA_InjectTimerTriggeredHandler          0x08000c75   Thumb Code    72  fra.o(i.FRA_InjectTimerTriggeredHandler)
    FRA_ReadPoint                            0x08000cc9   Thumb Code    70  fra.o(i.FRA_ReadPoint)
    FRA_Sweep                                0x08000d19   Thumb Code   288  fra.o(i.FRA_Sweep)
    HAL_ADC_ConfigChannel                    0x08000e69   Thumb Code   316  stm32f4xx_hal_adc.o(i.HAL_ADC_ConfigChannel)
    HAL_ADC_GetValue                         0x08000fb5   Thumb Code     6  stm32f4xx_hal_adc.o(i.HAL_ADC_GetValue)
    HAL_ADC_Init                             0x08000fbb   Thumb Code    84  stm32f4xx_hal_adc.o(i.HAL_ADC_Init)
    HAL_ADC_MspInit                          0x08001011   Thumb Code    84  stm32f4xx_hal_msp.o(i.HAL_ADC_MspInit)
    HAL_ADC_PollForConversion                0x08001071   Thumb Code   170  stm32f4xx_hal_adc.o(i.HAL_ADC_PollForConversion)
    HAL_ADC_Start                            0x0800111d   Thumb Code   228  stm32f4xx_hal_adc.o(i.HAL_ADC_Start)
    HAL_DMA_Abort                            0x08001219   Thumb Code   146  stm32f4xx_hal_dma.o(i.HAL_DMA_Abort)
    HAL_DMA_Abort_IT                         0x080012ab   Thumb Code    36  stm32f4xx_hal_dma.o(i.HAL_DMA_Abort_IT)
    HAL_DMA_IRQHandler                       0x080012d1   Thumb Code   412  stm32f4xx_hal_dma.o(i.HAL_DMA_IRQHandler)
    HAL_DMA_Init                             0x08001471   Thumb Code   206  stm32f4xx_hal_dma.o(i.HAL_DMA_Init)
    HAL_GPIO_Init                            0x08001545   Thumb Code   450  stm32f4xx_hal_gpio.o(i.HAL_GPIO_Init)
    HAL_GPIO_TogglePin                       0x08001735   Thumb Code    16  stm32f4xx_hal_gpio.o(i.HAL_GPIO_TogglePin)
    HAL_GPIO_WritePin                        0x08001745   Thumb Code    10  stm32f4xx_hal_gpio.o(i.HAL_GPIO_WritePin)
    HAL_GetTick                              0x08001751   Thumb Code     6  stm32f4xx_hal.o(i.HAL_GetTick)
    HAL_IncTick                              0x0800175d   Thumb Code    12  stm32f4xx_hal.o(i.HAL_IncTick)
    HAL_Init                                 0x0800176d   Thumb Code    48  stm32f4xx_hal.o(i.HAL_Init)
    HAL_InitTick                             0x080017a1   Thumb Code    54  stm32f4xx_hal.o(i.HAL_InitTick)
    HAL_MspInit                              0x080017e1   Thumb Code    42  stm32f4xx_hal_msp.o(i.HAL_MspInit)
    HAL_NVIC_EnableIRQ                       0x08001811   Thumb Code    26  stm32f4xx_hal_cortex.o(i.HAL_NVIC_EnableIRQ)
    HAL_NVIC_SetPriority                     0x0800182d   Thumb Code    60  stm32f4xx_hal_cortex.o(i.HAL_NVIC_SetPriority)
    HAL_NVIC_SetPriorityGrouping             0x0800186d   Thumb Code    26  stm32f4xx_hal_cortex.o(i.HAL_NVIC_SetPriorityGrouping)
    HAL_RCC_ClockConfig                      0x08001891   Thumb Code   288  stm32f4xx_hal_rcc.o(i.HAL_RCC_ClockConfig)
    HAL_RCC_GetPCLK1Freq                     0x080019c5   Thumb Code    20  stm32f4xx_hal_rcc.o(i.HAL_RCC_GetPCLK1Freq)
    HAL_RCC_GetPCLK2Freq                     0x080019e5   Thumb Code    20  stm32f4xx_hal_rcc.o(i.HAL_RCC_GetPCLK2Freq)
    HAL_RCC_GetSysClockFreq                  0x08001a05   Thumb Code    88  stm32f4xx_hal_rcc.o(i.HAL_RCC_GetSysClockFreq)
    HAL_RCC_OscConfig                        0x08001a69   Thumb Code   856  stm32f4xx_hal_rcc.o(i.HAL_RCC_OscConfig)
    HAL_SYSTICK_Config                       0x08001dd5   Thumb Code    40  stm32f4xx_hal_cortex.o(i.HAL_SYSTICK_Config)
    HAL_TIMEx_BreakCallback                  0x08001dfd   Thumb Code     2  stm32f4xx_hal_tim_ex.o(i.HAL_TIMEx_BreakCallback)
    HAL_TIMEx_CommutCallback                 0x08001dff   Thumb Code     2  stm32f4xx_hal_tim_ex.o(i.HAL_TIMEx_CommutCallback)
    HAL_TIMEx_CommutHalfCpltCallback         0x08001e01   Thumb Code     2  stm32f4xx_hal_tim_ex.o(i.HAL_TIMEx_CommutHalfCpltCallback)
    HAL_TIMEx_ConfigBreakDeadTime            0x08001e03   Thumb Code    84  stm32f4xx_hal_tim_ex.o(i.HAL_TIMEx_ConfigBreakDeadTime)
    HAL_TIMEx_MasterConfigSynchronization    0x08001e59   Thumb Code   116  stm32f4xx_hal_tim_ex.o(i.HAL_TIMEx_MasterConfigSynchronization)
    HAL_TIMEx_PWMN_Start                     0x08001ee9   Thumb Code   164  stm32f4xx_hal_tim_ex.o(i.HAL_TIMEx_PWMN_Start)
    HAL_TIM_Base_Init                        0x08001fa9   Thumb Code   104  stm32f4xx_hal_tim.o(i.HAL_TIM_Base_Init)
    HAL_TIM_Base_MspInit                     0x08002015   Thumb Code    76  stm32f4xx_hal_msp.o(i.HAL_TIM_Base_MspInit)
    HAL_TIM_Base_Start_IT                    0x08002069   Thumb Code   100  stm32f4xx_hal_tim.o(i.HAL_TIM_Base_Start_IT)
    HAL_TIM_Base_Stop_IT                     0x080020e9   Thumb Code    48  stm32f4xx_hal_tim.o(i.HAL_TIM_Base_Stop_IT)
    HAL_TIM_ConfigClockSource                0x08002119   Thumb Code   220  stm32f4xx_hal_tim.o(i.HAL_TIM_ConfigClockSource)
    HAL_TIM_ErrorCallback                    0x080021f5   Thumb Code     2  stm32f4xx_hal_tim.o(i.HAL_TIM_ErrorCallback)
    HAL_TIM_IC_CaptureCallback               0x080021f7   Thumb Code     2  stm32f4xx_hal_tim.o(i.HAL_TIM_IC_CaptureCallback)
    HAL_TIM_IC_CaptureHalfCpltCallback       0x080021f9   Thumb Code     2  stm32f4xx_hal_tim.o(i.HAL_TIM_IC_CaptureHalfCpltCallback)
    HAL_TIM_IRQHandler                       0x080021fb   Thumb Code   328  stm32f4xx_hal_tim.o(i.HAL_TIM_IRQHandler)
    HAL_TIM_MspPostInit                      0x08002345   Thumb Code   106  stm32f4xx_hal_msp.o(i.HAL_TIM_MspPostInit)
    HAL_TIM_OC_DelayElapsedCallback          0x080023c1   Thumb Code     2  stm32f4xx_hal_tim.o(i.HAL_TIM_OC_DelayElapsedCallback)
    HAL_TIM_PWM_ConfigChannel                0x080023c3   Thumb Code   204  stm32f4xx_hal_tim.o(i.HAL_TIM_PWM_ConfigChannel)
    HAL_TIM_PWM_Init                         0x08002491   Thumb Code   104  stm32f4xx_hal_tim.o(i.HAL_TIM_PWM_Init)
    HAL_TIM_PWM_MspInit                      0x080024fd   Thumb Code     2  stm32f4xx_hal_tim.o(i.HAL_TIM_PWM_MspInit)
    HAL_TIM_PWM_PulseFinishedCallback        0x080024ff   Thumb Code     2  stm32f4xx_hal_tim.o(i.HAL_TIM_PWM_PulseFinishedCallback)
    HAL_TIM_PWM_PulseFinishedHalfCpltCallback 0x08002501   Thumb Code     2  stm32f4xx_hal_tim.o(i.HAL_TIM_PWM_PulseFinishedHalfCpltCallback)
    HAL_TIM_PWM_Start                        0x08002505   Thumb Code   172  stm32f4xx_hal_tim.o(i.HAL_TIM_PWM_Start)
    HAL_TIM_PeriodElapsedCallback            0x080025cd   Thumb Code     2  stm32f4xx_hal_tim.o(i.HAL_TIM_PeriodElapsedCallback)
    HAL_TIM_PeriodElapsedHalfCpltCallback    0x080025cf   Thumb Code     2  stm32f4xx_hal_tim.o(i.HAL_TIM_PeriodElapsedHalfCpltCallback)
    HAL_TIM_RegisterCallback                 0x080025d1   Thumb Code   226  stm32f4xx_hal_tim.o(i.HAL_TIM_RegisterCallback)
    HAL_TIM_TriggerCallback                  0x080026b3   Thumb Code     2  stm32f4xx_hal_tim.o(i.HAL_TIM_TriggerCallback)
    HAL_TIM_TriggerHalfCpltCallback          0x080026b5   Thumb Code     2  stm32f4xx_hal_tim.o(i.HAL_TIM_TriggerHalfCpltCallback)
    HAL_UARTEx_RxEventCallback               0x080026b7   Thumb Code     2  stm32f4xx_hal_uart.o(i.HAL_UARTEx_RxEventCallback)
    HAL_UART_ErrorCallback                   0x080026b9   Thumb Code     2  stm32f4xx_hal_uart.o(i.HAL_UART_ErrorCallback)
    HAL_UART_IRQHandler                      0x080026bd   Thumb Code   618  stm32f4xx_hal_uart.o(i.HAL_UART_IRQHandler)
    HAL_UART_Init                            0x0800292d   Thumb Code   100  stm32f4xx_hal_uart.o(i.HAL_UART_Init)
    HAL_UART_MspInit                         0x08002991   Thumb Code   160  stm32f4xx_hal_msp.o(i.HAL_UART_MspInit)
    HAL_UART_RxCpltCallback                  0x08002a45   Thumb Code     2  stm32f4xx_hal_uart.o(i.HAL_UART_RxCpltCallback)
    HAL_UART_Transmit                        0x08002a47   Thumb Code   160  stm32f4xx_hal_uart.o(i.HAL_UART_Transmit)
    HAL_UART_TxCpltCallback                  0x08002ae7   Thumb Code     2  stm32f4xx_hal_uart.o(i.HAL_UART_TxCpltCallback)
    HardFault_Handler                        0x08002ae9   Thumb Code     2  stm32f4xx_it.o(i.HardFault_Handler)
    MemManage_Handler                        0x08002d0d   Thumb Code     2  stm32f4xx_it.o(i.MemManage_Handler)
    NMI_Handler                              0x08002d0f   Thumb Code     2  stm32f4xx_it.o(i.NMI_Handler)
    PendSV_Handler                           0x08002d11   Thumb Code     2  stm32f4xx_it.o(i.PendSV_Handler)
    SVC_Handler                              0x08002d13   Thumb Code     2  stm32f4xx_it.o(i.SVC_Handler)
    SysTick_Handler                          0x08002d15   Thumb Code     4  stm32f4xx_it.o(i.SysTick_Handler)
    SystemClock_Config                       0x08002d19   Thumb Code   140  main.o(i.SystemClock_Config)
    SystemInit                               0x08002dad   Thumb Code    12  system_stm32f4xx.o(i.SystemInit)
    TIM2_IRQHandler                          0x08002dbd   Thumb Code     6  stm32f4xx_it.o(i.TIM2_IRQHandler)
    TIM_Base_SetConfig                       0x08002dc9   Thumb Code   170  stm32f4xx_hal_tim.o(i.TIM_Base_SetConfig)
    TIM_CCxChannelCmd                        0x08002ea1   Thumb Code    26  stm32f4xx_hal_tim.o(i.TIM_CCxChannelCmd)
    TIM_ETR_SetConfig                        0x08002ed5   Thumb Code    20  stm32f4xx_hal_tim.o(i.TIM_ETR_SetConfig)
    TIM_OC2_SetConfig                        0x08002f59   Thumb Code    98  stm32f4xx_hal_tim.o(i.TIM_OC2_SetConfig)
    TIM_ResetCallback                        0x0800307d   Thumb Code    56  stm32f4xx_hal_tim.o(i.TIM_ResetCallback)
    USART1_IRQHandler                        0x080033d1   Thumb Code     6  stm32f4xx_it.o(i.USART1_IRQHandler)
    UsageFault_Handler                       0x080033dd   Thumb Code     2  stm32f4xx_it.o(i.UsageFault_Handler)
    __0printf                                0x080033e1   Thumb Code    22  printfa.o(i.__0printf)
    __1printf                                0x080033e1   Thumb Code     0  printfa.o(i.__0printf)
    __2printf                                0x080033e1   Thumb Code     0  printfa.o(i.__0printf)
    __c89printf                              0x080033e1   Thumb Code     0  printfa.o(i.__0printf)
    printf                                   0x080033e1   Thumb Code     0  printfa.o(i.__0printf)
    __ARM_fpclassifyf                        0x08003401   Thumb Code    38  fpclassifyf.o(i.__ARM_fpclassifyf)
    __hardfp_log10f                          0x08003449   Thumb Code   332  log10f.o(i.__hardfp_log10f)
    __hardfp_powf                            0x080035c9   Thumb Code  1606  powf.o(i.__hardfp_powf)
    __mathlib_powf                           0x080035c9   Thumb Code     0  powf.o(i.__hardfp_powf)
    __mathlib_flt_divzero                    0x08003c2d   Thumb Code    14  funder.o(i.__mathlib_flt_divzero)
    __mathlib_flt_infnan                     0x08003c41   Thumb Code     6  funder.o(i.__mathlib_flt_infnan)
    __mathlib_flt_infnan2                    0x08003c47   Thumb Code     6  funder.o(i.__mathlib_flt_infnan2)
    __mathlib_flt_invalid                    0x08003c4d   Thumb Code    10  funder.o(i.__mathlib_flt_invalid)
    __mathlib_flt_overflow                   0x08003c5d   Thumb Code    10  funder.o(i.__mathlib_flt_overflow)
    __mathlib_flt_underflow                  0x08003c6d   Thumb Code    10  funder.o(i.__mathlib_flt_underflow)
    __scatterload_copy                       0x08003c7d   Thumb Code    14  handlers.o(i.__scatterload_copy)
    __scatterload_null                       0x08003c8b   Thumb Code     2  handlers.o(i.__scatterload_null)
    __scatterload_zeroinit                   0x08003c8d   Thumb Code    14  handlers.o(i.__scatterload_zeroinit)
    __set_errno                              0x08003c9d   Thumb Code     6  errno.o(i.__set_errno)
    arm_atan2_f32                            0x08004535   Thumb Code   512  fastmathfunctions.o(i.arm_atan2_f32)
    arm_bitreversal_32                       0x08004751   Thumb Code    62  transformfunctions.o(i.arm_bitreversal_32)
    arm_cfft_f32                             0x0800478f   Thumb Code   204  transformfunctions.o(i.arm_cfft_f32)
    arm_cfft_radix8by2_f32                   0x0800485b   Thumb Code   392  transformfunctions.o(i.arm_cfft_radix8by2_f32)
    arm_cfft_radix8by4_f32                   0x080049e3   Thumb Code  1068  transformfunctions.o(i.arm_cfft_radix8by4_f32)
    arm_cmplx_mag_f32                        0x08004e11   Thumb Code    62  complexmathfunctions.o(i.arm_cmplx_mag_f32)
    arm_max_f32                              0x08004e55   Thumb Code    46  statisticsfunctions.o(i.arm_max_f32)
    arm_radix8_butterfly_f32                 0x08004e85   Thumb Code  1220  transformfunctions.o(i.arm_radix8_butterfly_f32)
    fputc                                    0x08005349   Thumb Code    22  fra.o(i.fputc)
    main                                     0x08005365   Thumb Code   164  main.o(i.main)
    AHBPrescTable                            0x0800542c   Data          16  system_stm32f4xx.o(.constdata)
    APBPrescTable                            0x0800543c   Data           8  system_stm32f4xx.o(.constdata)
    twiddleCoef_512                          0x08005444   Data        4096  commontables.o(.constdata)
    armBitRevIndexTable512                   0x08006444   Data         896  commontables.o(.constdata)
    arm_cfft_sR_f32_len512                   0x080067c4   Data          16  commontables.o(.constdata)
    Region$$Table$$Base                      0x080069c4   Number         0  anon$$obj.o(Region$$Table)
    Region$$Table$$Limit                     0x080069e4   Number         0  anon$$obj.o(Region$$Table)
    preInjectCount                           0x20000000   Data           1  fra.o(.data)
    injectSineIndex                          0x20000001   Data           1  fra.o(.data)
    startReadFlag                            0x20000002   Data           1  fra.o(.data)
    preInjectFlag                            0x20000003   Data           1  fra.o(.data)
    FclkMHz                                  0x20000004   Data           1  fra.o(.data)
    adcReadIndex                             0x20000006   Data           2  fra.o(.data)
    NorminalCRR                              0x20000008   Data           2  fra.o(.data)
    PwmARR                                   0x2000000a   Data           2  fra.o(.data)
    current_freq_tmp                         0x2000000c   Data           4  fra.o(.data)
    pAdc                                     0x20000010   Data           4  fra.o(.data)
    pPwmTimer                                0x20000014   Data           4  fra.o(.data)
    pInjectTimer                             0x20000018   Data           4  fra.o(.data)
    pUart                                    0x2000001c   Data           4  fra.o(.data)
    SwitchingFrequencyKHz                    0x20000020   Data           4  fra.o(.data)
    NorminalDutyCycle                        0x20000024   Data           4  fra.o(.data)
    InjectAmplitude                          0x20000028   Data           4  fra.o(.data)
    SineRef                                  0x2000002c   Data          32  fra.o(.data)
    uwTickFreq                               0x2000004c   Data           1  stm32f4xx_hal.o(.data)
    uwTickPrio                               0x20000050   Data           4  stm32f4xx_hal.o(.data)
    uwTick                                   0x20000054   Data           4  stm32f4xx_hal.o(.data)
    SystemCoreClock                          0x20000058   Data           4  system_stm32f4xx.o(.data)
    __stdout                                 0x2000005c   Data           4  stdout.o(.data)
    SineInt                                  0x20000064   Data          16  fra.o(.bss)
    ResponseBuf                              0x20000074   Data        1024  fra.o(.bss)
    InjectBuf                                0x20000474   Data        1024  fra.o(.bss)
    FFTComplexBuf                            0x20000874   Data        4096  fra.o(.bss)
    FFTMagBuf                                0x20001874   Data       10240  fra.o(.bss)
    uartBuffer                               0x20004074   Data        1029  fra.o(.bss)
    hadc1                                    0x2000447c   Data          72  main.o(.bss)
    htim1                                    0x200044c4   Data         180  main.o(.bss)
    htim2                                    0x20004578   Data         180  main.o(.bss)
    huart1                                   0x2000462c   Data          72  main.o(.bss)
    hdma_usart1_tx                           0x20004674   Data          96  main.o(.bss)
    __initial_sp                             0x20004ad8   Data           0  startup_stm32f407xx.o(STACK)



==============================================================================

Memory Map of the image

  Image Entry point : 0x08000189

  Load Region LR_IROM1 (Base: 0x08000000, Size: 0x00006a48, Max: 0x00100000, ABSOLUTE)

    Execution Region ER_IROM1 (Exec base: 0x08000000, Load base: 0x08000000, Size: 0x000069e4, Max: 0x00100000, ABSOLUTE)

    Exec Addr    Load Addr    Size         Type   Attr      Idx    E Section Name        Object

    0x08000000   0x08000000   0x00000188   Data   RO            3    RESET               startup_stm32f407xx.o
    0x08000188   0x08000188   0x00000000   Code   RO         9112  * .ARM.Collect$$$$00000000  mc_w.l(entry.o)
    0x08000188   0x08000188   0x00000004   Code   RO         9445    .ARM.Collect$$$$00000001  mc_w.l(entry2.o)
    0x0800018c   0x0800018c   0x00000004   Code   RO         9448    .ARM.Collect$$$$00000004  mc_w.l(entry5.o)
    0x08000190   0x08000190   0x00000000   Code   RO         9450    .ARM.Collect$$$$00000008  mc_w.l(entry7b.o)
    0x08000190   0x08000190   0x00000000   Code   RO         9452    .ARM.Collect$$$$0000000A  mc_w.l(entry8b.o)
    0x08000190   0x08000190   0x00000008   Code   RO         9453    .ARM.Collect$$$$0000000B  mc_w.l(entry9a.o)
    0x08000198   0x08000198   0x00000004   Code   RO         9460    .ARM.Collect$$$$0000000E  mc_w.l(entry12b.o)
    0x0800019c   0x0800019c   0x00000000   Code   RO         9455    .ARM.Collect$$$$0000000F  mc_w.l(entry10a.o)
    0x0800019c   0x0800019c   0x00000000   Code   RO         9457    .ARM.Collect$$$$00000011  mc_w.l(entry11a.o)
    0x0800019c   0x0800019c   0x00000004   Code   RO         9446    .ARM.Collect$$$$00002712  mc_w.l(entry2.o)
    0x080001a0   0x080001a0   0x00000024   Code   RO            4    .text               startup_stm32f407xx.o
    0x080001c4   0x080001c4   0x00000062   Code   RO         9115    .text               mc_w.l(uldiv.o)
    0x08000226   0x08000226   0x0000001e   Code   RO         9119    .text               mc_w.l(llshl.o)
    0x08000244   0x08000244   0x00000024   Code   RO         9121    .text               mc_w.l(llsshr.o)
    0x08000268   0x08000268   0x00000024   Code   RO         9125    .text               mc_w.l(memseta.o)
    0x0800028c   0x0800028c   0x0000014e   Code   RO         9390    .text               mf_w.l(dadd.o)
    0x080003da   0x080003da   0x000000e4   Code   RO         9392    .text               mf_w.l(dmul.o)
    0x080004be   0x080004be   0x000000de   Code   RO         9394    .text               mf_w.l(ddiv.o)
    0x0800059c   0x0800059c   0x0000001a   Code   RO         9398    .text               mf_w.l(dfltui.o)
    0x080005b6   0x080005b6   0x00000026   Code   RO         9402    .text               mf_w.l(f2d.o)
    0x080005dc   0x080005dc   0x00000030   Code   RO         9406    .text               mf_w.l(cdrcmple.o)
    0x0800060c   0x0800060c   0x00000038   Code   RO         9408    .text               mf_w.l(d2f.o)
    0x08000644   0x08000644   0x0000002c   Code   RO         9462    .text               mc_w.l(uidiv.o)
    0x08000670   0x08000670   0x00000020   Code   RO         9464    .text               mc_w.l(llushr.o)
    0x08000690   0x08000690   0x00000000   Code   RO         9473    .text               mc_w.l(iusefp.o)
    0x08000690   0x08000690   0x0000006e   Code   RO         9474    .text               mf_w.l(fepilogue.o)
    0x080006fe   0x080006fe   0x000000ba   Code   RO         9476    .text               mf_w.l(depilogue.o)
    0x080007b8   0x080007b8   0x00000030   Code   RO         9484    .text               mf_w.l(dfixul.o)
    0x080007e8   0x080007e8   0x00000004   Code   RO         9486    .text               mf_w.l(fpstat.o)
    0x080007ec   0x080007ec   0x00000024   Code   RO         9488    .text               mc_w.l(init.o)
    0x08000810   0x08000810   0x00000128   Code   RO          610    i.ADC_Init          stm32f4xx_hal_adc.o
    0x08000938   0x08000938   0x00000002   Code   RO          347    i.BusFault_Handler  stm32f4xx_it.o
    0x0800093a   0x0800093a   0x00000002   PAD
    0x0800093c   0x0800093c   0x0000000c   Code   RO          348    i.DMA2_Stream7_IRQHandler  stm32f4xx_it.o
    0x08000948   0x08000948   0x00000028   Code   RO         1344    i.DMA_CalcBaseAndBitshift  stm32f4xx_hal_dma.o
    0x08000970   0x08000970   0x00000054   Code   RO         1345    i.DMA_CheckFifoParam  stm32f4xx_hal_dma.o
    0x080009c4   0x080009c4   0x00000002   Code   RO          349    i.DebugMon_Handler  stm32f4xx_it.o
    0x080009c6   0x080009c6   0x00000004   Code   RO          278    i.Error_Handler     main.o
    0x080009ca   0x080009ca   0x00000002   PAD
    0x080009cc   0x080009cc   0x000001d4   Code   RO           13    i.FRA_GainShift     fra.o
    0x08000ba0   0x08000ba0   0x000000d4   Code   RO           14    i.FRA_Init          fra.o
    0x08000c74   0x08000c74   0x00000054   Code   RO           16    i.FRA_InjectTimerTriggeredHandler  fra.o
    0x08000cc8   0x08000cc8   0x00000050   Code   RO           17    i.FRA_ReadPoint     fra.o
    0x08000d18   0x08000d18   0x00000150   Code   RO           18    i.FRA_Sweep         fra.o
    0x08000e68   0x08000e68   0x0000014c   Code   RO          612    i.HAL_ADC_ConfigChannel  stm32f4xx_hal_adc.o
    0x08000fb4   0x08000fb4   0x00000006   Code   RO          619    i.HAL_ADC_GetValue  stm32f4xx_hal_adc.o
    0x08000fba   0x08000fba   0x00000054   Code   RO          621    i.HAL_ADC_Init      stm32f4xx_hal_adc.o
    0x0800100e   0x0800100e   0x00000002   PAD
    0x08001010   0x08001010   0x00000060   Code   RO          541    i.HAL_ADC_MspInit   stm32f4xx_hal_msp.o
    0x08001070   0x08001070   0x000000aa   Code   RO          625    i.HAL_ADC_PollForConversion  stm32f4xx_hal_adc.o
    0x0800111a   0x0800111a   0x00000002   PAD
    0x0800111c   0x0800111c   0x000000fc   Code   RO          627    i.HAL_ADC_Start     stm32f4xx_hal_adc.o
    0x08001218   0x08001218   0x00000092   Code   RO         1347    i.HAL_DMA_Abort     stm32f4xx_hal_dma.o
    0x080012aa   0x080012aa   0x00000024   Code   RO         1348    i.HAL_DMA_Abort_IT  stm32f4xx_hal_dma.o
    0x080012ce   0x080012ce   0x00000002   PAD
    0x080012d0   0x080012d0   0x000001a0   Code   RO         1352    i.HAL_DMA_IRQHandler  stm32f4xx_hal_dma.o
    0x08001470   0x08001470   0x000000d4   Code   RO         1353    i.HAL_DMA_Init      stm32f4xx_hal_dma.o
    0x08001544   0x08001544   0x000001f0   Code   RO         1240    i.HAL_GPIO_Init     stm32f4xx_hal_gpio.o
    0x08001734   0x08001734   0x00000010   Code   RO         1243    i.HAL_GPIO_TogglePin  stm32f4xx_hal_gpio.o
    0x08001744   0x08001744   0x0000000a   Code   RO         1244    i.HAL_GPIO_WritePin  stm32f4xx_hal_gpio.o
    0x0800174e   0x0800174e   0x00000002   PAD
    0x08001750   0x08001750   0x0000000c   Code   RO         1778    i.HAL_GetTick       stm32f4xx_hal.o
    0x0800175c   0x0800175c   0x00000010   Code   RO         1784    i.HAL_IncTick       stm32f4xx_hal.o
    0x0800176c   0x0800176c   0x00000034   Code   RO         1785    i.HAL_Init          stm32f4xx_hal.o
    0x080017a0   0x080017a0   0x00000040   Code   RO         1786    i.HAL_InitTick      stm32f4xx_hal.o
    0x080017e0   0x080017e0   0x00000030   Code   RO          542    i.HAL_MspInit       stm32f4xx_hal_msp.o
    0x08001810   0x08001810   0x0000001a   Code   RO         1630    i.HAL_NVIC_EnableIRQ  stm32f4xx_hal_cortex.o
    0x0800182a   0x0800182a   0x00000002   PAD
    0x0800182c   0x0800182c   0x00000040   Code   RO         1636    i.HAL_NVIC_SetPriority  stm32f4xx_hal_cortex.o
    0x0800186c   0x0800186c   0x00000024   Code   RO         1637    i.HAL_NVIC_SetPriorityGrouping  stm32f4xx_hal_cortex.o
    0x08001890   0x08001890   0x00000134   Code   RO          886    i.HAL_RCC_ClockConfig  stm32f4xx_hal_rcc.o
    0x080019c4   0x080019c4   0x00000020   Code   RO          893    i.HAL_RCC_GetPCLK1Freq  stm32f4xx_hal_rcc.o
    0x080019e4   0x080019e4   0x00000020   Code   RO          894    i.HAL_RCC_GetPCLK2Freq  stm32f4xx_hal_rcc.o
    0x08001a04   0x08001a04   0x00000064   Code   RO          895    i.HAL_RCC_GetSysClockFreq  stm32f4xx_hal_rcc.o
    0x08001a68   0x08001a68   0x0000036c   Code   RO          898    i.HAL_RCC_OscConfig  stm32f4xx_hal_rcc.o
    0x08001dd4   0x08001dd4   0x00000028   Code   RO         1641    i.HAL_SYSTICK_Config  stm32f4xx_hal_cortex.o
    0x08001dfc   0x08001dfc   0x00000002   Code   RO         2747    i.HAL_TIMEx_BreakCallback  stm32f4xx_hal_tim_ex.o
    0x08001dfe   0x08001dfe   0x00000002   Code   RO         2748    i.HAL_TIMEx_CommutCallback  stm32f4xx_hal_tim_ex.o
    0x08001e00   0x08001e00   0x00000002   Code   RO         2749    i.HAL_TIMEx_CommutHalfCpltCallback  stm32f4xx_hal_tim_ex.o
    0x08001e02   0x08001e02   0x00000054   Code   RO         2750    i.HAL_TIMEx_ConfigBreakDeadTime  stm32f4xx_hal_tim_ex.o
    0x08001e56   0x08001e56   0x00000002   PAD
    0x08001e58   0x08001e58   0x00000090   Code   RO         2766    i.HAL_TIMEx_MasterConfigSynchronization  stm32f4xx_hal_tim_ex.o
    0x08001ee8   0x08001ee8   0x000000c0   Code   RO         2777    i.HAL_TIMEx_PWMN_Start  stm32f4xx_hal_tim_ex.o
    0x08001fa8   0x08001fa8   0x0000006c   Code   RO         2025    i.HAL_TIM_Base_Init  stm32f4xx_hal_tim.o
    0x08002014   0x08002014   0x00000054   Code   RO          544    i.HAL_TIM_Base_MspInit  stm32f4xx_hal_msp.o
    0x08002068   0x08002068   0x00000080   Code   RO         2030    i.HAL_TIM_Base_Start_IT  stm32f4xx_hal_tim.o
    0x080020e8   0x080020e8   0x00000030   Code   RO         2033    i.HAL_TIM_Base_Stop_IT  stm32f4xx_hal_tim.o
    0x08002118   0x08002118   0x000000dc   Code   RO         2034    i.HAL_TIM_ConfigClockSource  stm32f4xx_hal_tim.o
    0x080021f4   0x080021f4   0x00000002   Code   RO         2055    i.HAL_TIM_ErrorCallback  stm32f4xx_hal_tim.o
    0x080021f6   0x080021f6   0x00000002   Code   RO         2059    i.HAL_TIM_IC_CaptureCallback  stm32f4xx_hal_tim.o
    0x080021f8   0x080021f8   0x00000002   Code   RO         2060    i.HAL_TIM_IC_CaptureHalfCpltCallback  stm32f4xx_hal_tim.o
    0x080021fa   0x080021fa   0x00000148   Code   RO         2073    i.HAL_TIM_IRQHandler  stm32f4xx_hal_tim.o
    0x08002342   0x08002342   0x00000002   PAD
    0x08002344   0x08002344   0x0000007c   Code   RO          545    i.HAL_TIM_MspPostInit  stm32f4xx_hal_msp.o
    0x080023c0   0x080023c0   0x00000002   Code   RO         2076    i.HAL_TIM_OC_DelayElapsedCallback  stm32f4xx_hal_tim.o
    0x080023c2   0x080023c2   0x000000cc   Code   RO         2097    i.HAL_TIM_PWM_ConfigChannel  stm32f4xx_hal_tim.o
    0x0800248e   0x0800248e   0x00000002   PAD
    0x08002490   0x08002490   0x0000006c   Code   RO         2100    i.HAL_TIM_PWM_Init  stm32f4xx_hal_tim.o
    0x080024fc   0x080024fc   0x00000002   Code   RO         2102    i.HAL_TIM_PWM_MspInit  stm32f4xx_hal_tim.o
    0x080024fe   0x080024fe   0x00000002   Code   RO         2103    i.HAL_TIM_PWM_PulseFinishedCallback  stm32f4xx_hal_tim.o
    0x08002500   0x08002500   0x00000002   Code   RO         2104    i.HAL_TIM_PWM_PulseFinishedHalfCpltCallback  stm32f4xx_hal_tim.o
    0x08002502   0x08002502   0x00000002   PAD
    0x08002504   0x08002504   0x000000c8   Code   RO         2105    i.HAL_TIM_PWM_Start  stm32f4xx_hal_tim.o
    0x080025cc   0x080025cc   0x00000002   Code   RO         2111    i.HAL_TIM_PeriodElapsedCallback  stm32f4xx_hal_tim.o
    0x080025ce   0x080025ce   0x00000002   Code   RO         2112    i.HAL_TIM_PeriodElapsedHalfCpltCallback  stm32f4xx_hal_tim.o
    0x080025d0   0x080025d0   0x000000e2   Code   RO         2114    i.HAL_TIM_RegisterCallback  stm32f4xx_hal_tim.o
    0x080026b2   0x080026b2   0x00000002   Code   RO         2117    i.HAL_TIM_TriggerCallback  stm32f4xx_hal_tim.o
    0x080026b4   0x080026b4   0x00000002   Code   RO         2118    i.HAL_TIM_TriggerHalfCpltCallback  stm32f4xx_hal_tim.o
    0x080026b6   0x080026b6   0x00000002   Code   RO         3026    i.HAL_UARTEx_RxEventCallback  stm32f4xx_hal_uart.o
    0x080026b8   0x080026b8   0x00000002   Code   RO         3040    i.HAL_UART_ErrorCallback  stm32f4xx_hal_uart.o
    0x080026ba   0x080026ba   0x00000002   PAD
    0x080026bc   0x080026bc   0x00000270   Code   RO         3043    i.HAL_UART_IRQHandler  stm32f4xx_hal_uart.o
    0x0800292c   0x0800292c   0x00000064   Code   RO         3044    i.HAL_UART_Init     stm32f4xx_hal_uart.o
    0x08002990   0x08002990   0x000000b4   Code   RO          547    i.HAL_UART_MspInit  stm32f4xx_hal_msp.o
    0x08002a44   0x08002a44   0x00000002   Code   RO         3050    i.HAL_UART_RxCpltCallback  stm32f4xx_hal_uart.o
    0x08002a46   0x08002a46   0x000000a0   Code   RO         3052    i.HAL_UART_Transmit  stm32f4xx_hal_uart.o
    0x08002ae6   0x08002ae6   0x00000002   Code   RO         3055    i.HAL_UART_TxCpltCallback  stm32f4xx_hal_uart.o
    0x08002ae8   0x08002ae8   0x00000002   Code   RO          350    i.HardFault_Handler  stm32f4xx_it.o
    0x08002aea   0x08002aea   0x00000002   PAD
    0x08002aec   0x08002aec   0x00000064   Code   RO          279    i.MX_ADC1_Init      main.o
    0x08002b50   0x08002b50   0x0000008c   Code   RO          280    i.MX_GPIO_Init      main.o
    0x08002bdc   0x08002bdc   0x000000cc   Code   RO          281    i.MX_TIM1_Init      main.o
    0x08002ca8   0x08002ca8   0x00000064   Code   RO          282    i.MX_TIM2_Init      main.o
    0x08002d0c   0x08002d0c   0x00000002   Code   RO          351    i.MemManage_Handler  stm32f4xx_it.o
    0x08002d0e   0x08002d0e   0x00000002   Code   RO          352    i.NMI_Handler       stm32f4xx_it.o
    0x08002d10   0x08002d10   0x00000002   Code   RO          353    i.PendSV_Handler    stm32f4xx_it.o
    0x08002d12   0x08002d12   0x00000002   Code   RO          354    i.SVC_Handler       stm32f4xx_it.o
    0x08002d14   0x08002d14   0x00000004   Code   RO          355    i.SysTick_Handler   stm32f4xx_it.o
    0x08002d18   0x08002d18   0x00000094   Code   RO          283    i.SystemClock_Config  main.o
    0x08002dac   0x08002dac   0x00000010   Code   RO         3378    i.SystemInit        system_stm32f4xx.o
    0x08002dbc   0x08002dbc   0x0000000c   Code   RO          356    i.TIM2_IRQHandler   stm32f4xx_it.o
    0x08002dc8   0x08002dc8   0x000000d8   Code   RO         2120    i.TIM_Base_SetConfig  stm32f4xx_hal_tim.o
    0x08002ea0   0x08002ea0   0x0000001a   Code   RO         2121    i.TIM_CCxChannelCmd  stm32f4xx_hal_tim.o
    0x08002eba   0x08002eba   0x0000001a   Code   RO         2786    i.TIM_CCxNChannelCmd  stm32f4xx_hal_tim_ex.o
    0x08002ed4   0x08002ed4   0x00000014   Code   RO         2131    i.TIM_ETR_SetConfig  stm32f4xx_hal_tim.o
    0x08002ee8   0x08002ee8   0x00000010   Code   RO         2132    i.TIM_ITRx_SetConfig  stm32f4xx_hal_tim.o
    0x08002ef8   0x08002ef8   0x00000060   Code   RO         2133    i.TIM_OC1_SetConfig  stm32f4xx_hal_tim.o
    0x08002f58   0x08002f58   0x0000006c   Code   RO         2134    i.TIM_OC2_SetConfig  stm32f4xx_hal_tim.o
    0x08002fc4   0x08002fc4   0x00000068   Code   RO         2135    i.TIM_OC3_SetConfig  stm32f4xx_hal_tim.o
    0x0800302c   0x0800302c   0x00000050   Code   RO         2136    i.TIM_OC4_SetConfig  stm32f4xx_hal_tim.o
    0x0800307c   0x0800307c   0x0000006c   Code   RO         2137    i.TIM_ResetCallback  stm32f4xx_hal_tim.o
    0x080030e8   0x080030e8   0x00000022   Code   RO         2139    i.TIM_TI1_ConfigInputStage  stm32f4xx_hal_tim.o
    0x0800310a   0x0800310a   0x00000024   Code   RO         2141    i.TIM_TI2_ConfigInputStage  stm32f4xx_hal_tim.o
    0x0800312e   0x0800312e   0x00000010   Code   RO         3057    i.UART_DMAAbortOnError  stm32f4xx_hal_uart.o
    0x0800313e   0x0800313e   0x0000004e   Code   RO         3067    i.UART_EndRxTransfer  stm32f4xx_hal_uart.o
    0x0800318c   0x0800318c   0x000000c2   Code   RO         3069    i.UART_Receive_IT   stm32f4xx_hal_uart.o
    0x0800324e   0x0800324e   0x00000002   PAD
    0x08003250   0x08003250   0x0000010c   Code   RO         3070    i.UART_SetConfig    stm32f4xx_hal_uart.o
    0x0800335c   0x0800335c   0x00000072   Code   RO         3073    i.UART_WaitOnFlagUntilTimeout  stm32f4xx_hal_uart.o
    0x080033ce   0x080033ce   0x00000002   PAD
    0x080033d0   0x080033d0   0x0000000c   Code   RO          357    i.USART1_IRQHandler  stm32f4xx_it.o
    0x080033dc   0x080033dc   0x00000002   Code   RO          358    i.UsageFault_Handler  stm32f4xx_it.o
    0x080033de   0x080033de   0x00000002   PAD
    0x080033e0   0x080033e0   0x00000020   Code   RO         9362    i.__0printf         mc_w.l(printfa.o)
    0x08003400   0x08003400   0x00000026   Code   RO         9426    i.__ARM_fpclassifyf  m_wm.l(fpclassifyf.o)
    0x08003426   0x08003426   0x00000020   Code   RO         1643    i.__NVIC_SetPriority  stm32f4xx_hal_cortex.o
    0x08003446   0x08003446   0x00000002   PAD
    0x08003448   0x08003448   0x00000180   Code   RO         9034    i.__hardfp_log10f   m_wm.l(log10f.o)
    0x080035c8   0x080035c8   0x00000664   Code   RO         9062    i.__hardfp_powf     m_wm.l(powf.o)
    0x08003c2c   0x08003c2c   0x00000014   Code   RO         9428    i.__mathlib_flt_divzero  m_wm.l(funder.o)
    0x08003c40   0x08003c40   0x00000006   Code   RO         9429    i.__mathlib_flt_infnan  m_wm.l(funder.o)
    0x08003c46   0x08003c46   0x00000006   Code   RO         9430    i.__mathlib_flt_infnan2  m_wm.l(funder.o)
    0x08003c4c   0x08003c4c   0x00000010   Code   RO         9431    i.__mathlib_flt_invalid  m_wm.l(funder.o)
    0x08003c5c   0x08003c5c   0x00000010   Code   RO         9432    i.__mathlib_flt_overflow  m_wm.l(funder.o)
    0x08003c6c   0x08003c6c   0x00000010   Code   RO         9434    i.__mathlib_flt_underflow  m_wm.l(funder.o)
    0x08003c7c   0x08003c7c   0x0000000e   Code   RO         9492    i.__scatterload_copy  mc_w.l(handlers.o)
    0x08003c8a   0x08003c8a   0x00000002   Code   RO         9493    i.__scatterload_null  mc_w.l(handlers.o)
    0x08003c8c   0x08003c8c   0x0000000e   Code   RO         9494    i.__scatterload_zeroinit  mc_w.l(handlers.o)
    0x08003c9a   0x08003c9a   0x00000002   PAD
    0x08003c9c   0x08003c9c   0x0000000c   Code   RO         9468    i.__set_errno       mc_w.l(errno.o)
    0x08003ca8   0x08003ca8   0x00000184   Code   RO         9369    i._fp_digits        mc_w.l(printfa.o)
    0x08003e2c   0x08003e2c   0x000006b4   Code   RO         9370    i._printf_core      mc_w.l(printfa.o)
    0x080044e0   0x080044e0   0x00000024   Code   RO         9371    i._printf_post_padding  mc_w.l(printfa.o)
    0x08004504   0x08004504   0x0000002e   Code   RO         9372    i._printf_pre_padding  mc_w.l(printfa.o)
    0x08004532   0x08004532   0x00000002   PAD
    0x08004534   0x08004534   0x0000021c   Code   RO         4987    i.arm_atan2_f32     fastmathfunctions.o
    0x08004750   0x08004750   0x0000003e   Code   RO         8217    i.arm_bitreversal_32  transformfunctions.o
    0x0800478e   0x0800478e   0x000000cc   Code   RO         8222    i.arm_cfft_f32      transformfunctions.o
    0x0800485a   0x0800485a   0x00000188   Code   RO         8247    i.arm_cfft_radix8by2_f32  transformfunctions.o
    0x080049e2   0x080049e2   0x0000042c   Code   RO         8248    i.arm_cfft_radix8by4_f32  transformfunctions.o
    0x08004e0e   0x08004e0e   0x00000002   PAD
    0x08004e10   0x08004e10   0x00000044   Code   RO         4343    i.arm_cmplx_mag_f32  complexmathfunctions.o
    0x08004e54   0x08004e54   0x0000002e   Code   RO         7115    i.arm_max_f32       statisticsfunctions.o
    0x08004e82   0x08004e82   0x00000002   PAD
    0x08004e84   0x08004e84   0x000004c4   Code   RO         8274    i.arm_radix8_butterfly_f32  transformfunctions.o
    0x08005348   0x08005348   0x0000001c   Code   RO           20    i.fputc             fra.o
    0x08005364   0x08005364   0x000000c0   Code   RO          284    i.main              main.o
    0x08005424   0x08005424   0x00000008   Data   RO         1359    .constdata          stm32f4xx_hal_dma.o
    0x0800542c   0x0800542c   0x00000010   Data   RO         3379    .constdata          system_stm32f4xx.o
    0x0800543c   0x0800543c   0x00000008   Data   RO         3380    .constdata          system_stm32f4xx.o
    0x08005444   0x08005444   0x00001000   Data   RO         4103    .constdata          commontables.o
    0x08006444   0x08006444   0x00000380   Data   RO         4139    .constdata          commontables.o
    0x080067c4   0x080067c4   0x00000010   Data   RO         4219    .constdata          commontables.o
    0x080067d4   0x080067d4   0x00000070   Data   RO         5006    .constdata          fastmathfunctions.o
    0x08006844   0x08006844   0x00000040   Data   RO         9037    .constdata          m_wm.l(log10f.o)
    0x08006884   0x08006884   0x00000140   Data   RO         9065    .constdata          m_wm.l(powf.o)
    0x080069c4   0x080069c4   0x00000020   Data   RO         9490    Region$$Table       anon$$obj.o


    Execution Region RW_IRAM1 (Exec base: 0x20000000, Load base: 0x080069e4, Size: 0x00004ad8, Max: 0x0001c000, ABSOLUTE)

    Exec Addr    Load Addr    Size         Type   Attr      Idx    E Section Name        Object

    0x20000000   0x080069e4   0x0000004c   Data   RW           22    .data               fra.o
    0x2000004c   0x08006a30   0x0000000c   Data   RW         1792    .data               stm32f4xx_hal.o
    0x20000058   0x08006a3c   0x00000004   Data   RW         3381    .data               system_stm32f4xx.o
    0x2000005c   0x08006a40   0x00000004   Data   RW         9461    .data               mc_w.l(stdout.o)
    0x20000060   0x08006a44   0x00000004   Data   RW         9469    .data               mc_w.l(errno.o)
    0x20000064        -       0x00004415   Zero   RW           21    .bss                fra.o
    0x20004479   0x08006a48   0x00000003   PAD
    0x2000447c        -       0x000001f8   Zero   RW          286    .bss                main.o
    0x20004674        -       0x00000060   Zero   RW          287    .bss                main.o
    0x200046d4   0x08006a48   0x00000004   PAD
    0x200046d8        -       0x00000400   Zero   RW            1    STACK               startup_stm32f407xx.o


    Execution Region RW_IRAM2 (Exec base: 0x2001c000, Load base: 0x08006a48, Size: 0x00000000, Max: 0x00004000, ABSOLUTE)

    **** No section assigned to this execution region ****


==============================================================================

Image component sizes


      Code (inc. data)   RO Data    RW Data    ZI Data      Debug   Object Name

         0          0       5008          0          0      13461   commontables.o
        68          6          0          0          0       1952   complexmathfunctions.o
       540         28        112          0          0       4556   fastmathfunctions.o
      1208        152          0         76      17429     719968   fra.o
       888         72          0          0        600       5390   main.o
        36          8        392          0       1024        828   startup_stm32f407xx.o
        46          0          0          0          0       1238   statisticsfunctions.o
       144         24          0         12          0       8725   stm32f4xx_hal.o
      1140         52          0          0          0       5222   stm32f4xx_hal_adc.o
       198         14          0          0          0      33783   stm32f4xx_hal_cortex.o
       934         16          8          0          0       5575   stm32f4xx_hal_dma.o
       522         46          0          0          0       2813   stm32f4xx_hal_gpio.o
       532         64          0          0          0       3773   stm32f4xx_hal_msp.o
      1348         76          0          0          0       5204   stm32f4xx_hal_rcc.o
      2436        240          0          0          0      22667   stm32f4xx_hal_tim.o
       452         56          0          0          0       5295   stm32f4xx_hal_tim_ex.o
      1562         16          0          0          0      10448   stm32f4xx_hal_uart.o
        56         18          0          0          0     708770   stm32f4xx_it.o
        16          4         24          4          0       1111   system_stm32f4xx.o
      2946          4          0          0          0       9489   transformfunctions.o

    ----------------------------------------------------------------------
     15110        896       5576         92      19060    1570268   Object Totals
         0          0         32          0          0          0   (incl. Generated)
        38          0          0          0          7          0   (incl. Padding)

    ----------------------------------------------------------------------

      Code (inc. data)   RO Data    RW Data    ZI Data      Debug   Library Member Name

        38          0          0          0          0        116   fpclassifyf.o
        80         24          0          0          0        696   funder.o
       384         52         64          0          0        140   log10f.o
      1636        110        320          0          0        372   powf.o
         0          0          0          0          0          0   entry.o
         0          0          0          0          0          0   entry10a.o
         0          0          0          0          0          0   entry11a.o
         4          0          0          0          0          0   entry12b.o
         8          4          0          0          0          0   entry2.o
         4          0          0          0          0          0   entry5.o
         0          0          0          0          0          0   entry7b.o
         0          0          0          0          0          0   entry8b.o
         8          4          0          0          0          0   entry9a.o
        12          6          0          4          0         68   errno.o
        30          0          0          0          0          0   handlers.o
        36          8          0          0          0         68   init.o
         0          0          0          0          0          0   iusefp.o
        30          0          0          0          0         68   llshl.o
        36          0          0          0          0         68   llsshr.o
        32          0          0          0          0         68   llushr.o
        36          0          0          0          0        108   memseta.o
      2218         90          0          0          0        464   printfa.o
         0          0          0          4          0          0   stdout.o
        44          0          0          0          0         80   uidiv.o
        98          0          0          0          0         92   uldiv.o
        48          0          0          0          0         68   cdrcmple.o
        56          0          0          0          0         88   d2f.o
       334          0          0          0          0        148   dadd.o
       222          0          0          0          0        100   ddiv.o
       186          0          0          0          0        176   depilogue.o
        48          0          0          0          0         68   dfixul.o
        26          0          0          0          0         76   dfltui.o
       228          0          0          0          0         96   dmul.o
        38          0          0          0          0         68   f2d.o
       110          0          0          0          0        168   fepilogue.o
         4          0          0          0          0         68   fpstat.o

    ----------------------------------------------------------------------
      6038        298        384          8          0       3532   Library Totals
         4          0          0          0          0          0   (incl. Padding)

    ----------------------------------------------------------------------

      Code (inc. data)   RO Data    RW Data    ZI Data      Debug   Library Name

      2138        186        384          0          0       1324   m_wm.l
      2596        112          0          8          0       1084   mc_w.l
      1300          0          0          0          0       1124   mf_w.l

    ----------------------------------------------------------------------
      6038        298        384          8          0       3532   Library Totals

    ----------------------------------------------------------------------

==============================================================================


      Code (inc. data)   RO Data    RW Data    ZI Data      Debug   

     21148       1194       5960        100      19060    1561312   Grand Totals
     21148       1194       5960        100      19060    1561312   ELF Image Totals
     21148       1194       5960        100          0          0   ROM Totals

==============================================================================

    Total RO  Size (Code + RO Data)                27108 (  26.47kB)
    Total RW  Size (RW Data + ZI Data)             19160 (  18.71kB)
    Total ROM Size (Code + RO Data + RW Data)      27208 (  26.57kB)

==============================================================================

